Component: ARM Compiler 6.16 Tool: armlink [5dfeaa00]

==============================================================================

Section Cross References

    startup_stm32f407xx.o(RESET) refers to startup_stm32f407xx.o(STACK) for __initial_sp
    startup_stm32f407xx.o(RESET) refers to startup_stm32f407xx.o(.text) for Reset_Handler
    startup_stm32f407xx.o(RESET) refers to stm32f4xx_it.o(.text.NMI_Handler) for NMI_Handler
    startup_stm32f407xx.o(RESET) refers to stm32f4xx_it.o(.text.HardFault_Handler) for HardFault_Handler
    startup_stm32f407xx.o(RESET) refers to stm32f4xx_it.o(.text.MemManage_Handler) for MemManage_Handler
    startup_stm32f407xx.o(RESET) refers to stm32f4xx_it.o(.text.BusFault_Handler) for BusFault_Handler
    startup_stm32f407xx.o(RESET) refers to stm32f4xx_it.o(.text.UsageFault_Handler) for UsageFault_Handler
    startup_stm32f407xx.o(RESET) refers to stm32f4xx_it.o(.text.DebugMon_Handler) for DebugMon_Handler
    startup_stm32f407xx.o(RESET) refers to tx_thread_schedule.o(.text) for PendSV_Handler
    startup_stm32f407xx.o(RESET) refers to tx_initialize_low_level.o(.text) for SysTick_Handler
    startup_stm32f407xx.o(RESET) refers to stm32f4xx_it.o(.text.TIM1_UP_TIM10_IRQHandler) for TIM1_UP_TIM10_IRQHandler
    startup_stm32f407xx.o(.text) refers to system_stm32f4xx.o(.text.SystemInit) for SystemInit
    startup_stm32f407xx.o(.text) refers to entry.o(.ARM.Collect$$$$00000000) for __main
    main.o(.text.main) refers to stm32f4xx_hal.o(.text.HAL_Init) for HAL_Init
    main.o(.text.main) refers to main.o(.text.SystemClock_Config) for SystemClock_Config
    main.o(.text.main) refers to gpio.o(.text.MX_GPIO_Init) for MX_GPIO_Init
    main.o(.text.main) refers to usart.o(.text.MX_USART3_UART_Init) for MX_USART3_UART_Init
    main.o(.text.main) refers to usart.o(.text.MX_USART1_UART_Init) for MX_USART1_UART_Init
    main.o(.text.main) refers to app_threadx.o(.text.MX_ThreadX_Init) for MX_ThreadX_Init
    main.o(.ARM.exidx.text.main) refers to main.o(.text.main) for [Anonymous Symbol]
    main.o(.text.SystemClock_Config) refers to memseta.o(.text) for __aeabi_memclr4
    main.o(.text.SystemClock_Config) refers to stm32f4xx_hal_rcc.o(.text.HAL_RCC_OscConfig) for HAL_RCC_OscConfig
    main.o(.text.SystemClock_Config) refers to main.o(.text.Error_Handler) for Error_Handler
    main.o(.text.SystemClock_Config) refers to stm32f4xx_hal_rcc.o(.text.HAL_RCC_ClockConfig) for HAL_RCC_ClockConfig
    main.o(.ARM.exidx.text.SystemClock_Config) refers to main.o(.text.SystemClock_Config) for [Anonymous Symbol]
    main.o(.ARM.exidx.text.Error_Handler) refers to main.o(.text.Error_Handler) for [Anonymous Symbol]
    main.o(.text.HAL_TIM_PeriodElapsedCallback) refers to stm32f4xx_hal.o(.text.HAL_IncTick) for HAL_IncTick
    main.o(.ARM.exidx.text.HAL_TIM_PeriodElapsedCallback) refers to main.o(.text.HAL_TIM_PeriodElapsedCallback) for [Anonymous Symbol]
    tx_initialize_low_level.o(.text) refers (Special) to entry.o(.ARM.Collect$$$$00000000) for __main
    tx_initialize_low_level.o(.text) refers (Special) to tx_thread_schedule.o(.text) for __tx_PendSVHandler
    tx_initialize_low_level.o(.text) refers to tx_initialize_high_level.o(.bss._tx_initialize_unused_memory) for _tx_initialize_unused_memory
    tx_initialize_low_level.o(.text) refers to startup_stm32f407xx.o(RESET) for __Vectors
    tx_initialize_low_level.o(.text) refers to tx_thread_initialize.o(.bss._tx_thread_system_stack_ptr) for _tx_thread_system_stack_ptr
    tx_initialize_low_level.o(.text) refers to tx_timer_interrupt.o(.text) for _tx_timer_interrupt
    gpio.o(.text.MX_GPIO_Init) refers to stm32f4xx_hal_gpio.o(.text.HAL_GPIO_WritePin) for HAL_GPIO_WritePin
    gpio.o(.text.MX_GPIO_Init) refers to stm32f4xx_hal_gpio.o(.text.HAL_GPIO_Init) for HAL_GPIO_Init
    gpio.o(.ARM.exidx.text.MX_GPIO_Init) refers to gpio.o(.text.MX_GPIO_Init) for [Anonymous Symbol]
    app_threadx.o(.text.App_ThreadX_Init) refers to txe_byte_allocate.o(.text._txe_byte_allocate) for _txe_byte_allocate
    app_threadx.o(.text.App_ThreadX_Init) refers to app_threadx.o(.bss.tx_main_thread) for tx_main_thread
    app_threadx.o(.text.App_ThreadX_Init) refers to app_threadx.o(.rodata.str1.1) for .L.str
    app_threadx.o(.text.App_ThreadX_Init) refers to app_threadx.o(.text.Main_Thread_Entry) for Main_Thread_Entry
    app_threadx.o(.text.App_ThreadX_Init) refers to txe_thread_create.o(.text._txe_thread_create) for _txe_thread_create
    app_threadx.o(.ARM.exidx.text.App_ThreadX_Init) refers to app_threadx.o(.text.App_ThreadX_Init) for [Anonymous Symbol]
    app_threadx.o(.text.Main_Thread_Entry) refers to app_threadx.o(.rodata.str1.1) for .L.str.1
    app_threadx.o(.text.Main_Thread_Entry) refers to printfa.o(i.__0printf) for printf
    app_threadx.o(.text.Main_Thread_Entry) refers to tx_thread_sleep.o(.text._tx_thread_sleep) for _tx_thread_sleep
[...]
    tx_queue_create.c                        0x00000000   Number         0  tx_queue_create.o ABSOLUTE
    tx_queue_delete.c                        0x00000000   Number         0  tx_queue_delete.o ABSOLUTE
    tx_queue_flush.c                         0x00000000   Number         0  tx_queue_flush.o ABSOLUTE
    tx_queue_front_send.c                    0x00000000   Number         0  tx_queue_front_send.o ABSOLUTE
    tx_queue_info_get.c                      0x00000000   Number         0  tx_queue_info_get.o ABSOLUTE
    tx_queue_initialize.c                    0x00000000   Number         0  tx_queue_initialize.o ABSOLUTE
    tx_queue_prioritize.c                    0x00000000   Number         0  tx_queue_prioritize.o ABSOLUTE
    tx_queue_receive.c                       0x00000000   Number         0  tx_queue_receive.o ABSOLUTE
    tx_queue_send.c                          0x00000000   Number         0  tx_queue_send.o ABSOLUTE
    tx_queue_send_notify.c                   0x00000000   Number         0  tx_queue_send_notify.o ABSOLUTE
    tx_semaphore_ceiling_put.c               0x00000000   Number         0  tx_semaphore_ceiling_put.o ABSOLUTE
    tx_semaphore_cleanup.c                   0x00000000   Number         0  tx_semaphore_cleanup.o ABSOLUTE
    tx_semaphore_create.c                    0x00000000   Number         0  tx_semaphore_create.o ABSOLUTE
    tx_semaphore_delete.c                    0x00000000   Number         0  tx_semaphore_delete.o ABSOLUTE
    tx_semaphore_get.c                       0x00000000   Number         0  tx_semaphore_get.o ABSOLUTE
    tx_semaphore_info_get.c                  0x00000000   Number         0  tx_semaphore_info_get.o ABSOLUTE
    tx_semaphore_initialize.c                0x00000000   Number         0  tx_semaphore_initialize.o ABSOLUTE
    tx_semaphore_prioritize.c                0x00000000   Number         0  tx_semaphore_prioritize.o ABSOLUTE
    tx_semaphore_put.c                       0x00000000   Number         0  tx_semaphore_put.o ABSOLUTE
    tx_semaphore_put_notify.c                0x00000000   Number         0  tx_semaphore_put_notify.o ABSOLUTE
    tx_thread_create.c                       0x00000000   Number         0  tx_thread_create.o ABSOLUTE
    tx_thread_delete.c                       0x00000000   Number         0  tx_thread_delete.o ABSOLUTE
    tx_thread_entry_exit_notify.c            0x00000000   Number         0  tx_thread_entry_exit_notify.o ABSOLUTE
    tx_thread_identify.c                     0x00000000   Number         0  tx_thread_identify.o ABSOLUTE
    tx_thread_info_get.c                     0x00000000   Number         0  tx_thread_info_get.o ABSOLUTE
    tx_thread_initialize.c                   0x00000000   Number         0  tx_thread_initialize.o ABSOLUTE
    tx_thread_preemption_change.c            0x00000000   Number         0  tx_thread_preemption_change.o ABSOLUTE
    tx_thread_priority_change.c              0x00000000   Number         0  tx_thread_priority_change.o ABSOLUTE
    tx_thread_relinquish.c                   0x00000000   Number         0  tx_thread_relinquish.o ABSOLUTE
    tx_thread_reset.c                        0x00000000   Number         0  tx_thread_reset.o ABSOLUTE
    tx_thread_resume.c                       0x00000000   Number         0  tx_thread_resume.o ABSOLUTE
    tx_thread_shell_entry.c                  0x00000000   Number         0  tx_thread_shell_entry.o ABSOLUTE
    tx_thread_sleep.c                        0x00000000   Number         0  tx_thread_sleep.o ABSOLUTE
    tx_thread_stack_analyze.c                0x00000000   Number         0  tx_thread_stack_analyze.o ABSOLUTE
    tx_thread_stack_error_handler.c          0x00000000   Number         0  tx_thread_stack_error_handler.o ABSOLUTE
    tx_thread_stack_error_notify.c           0x00000000   Number         0  tx_thread_stack_error_notify.o ABSOLUTE
    tx_thread_suspend.c                      0x00000000   Number         0  tx_thread_suspend.o ABSOLUTE
    tx_thread_system_preempt_check.c         0x00000000   Number         0  tx_thread_system_preempt_check.o ABSOLUTE
    tx_thread_system_resume.c                0x00000000   Number         0  tx_thread_system_resume.o ABSOLUTE
    tx_thread_system_suspend.c               0x00000000   Number         0  tx_thread_system_suspend.o ABSOLUTE
    tx_thread_terminate.c                    0x00000000   Number         0  tx_thread_terminate.o ABSOLUTE
    tx_thread_time_slice.c                   0x00000000   Number         0  tx_thread_time_slice.o ABSOLUTE
    tx_thread_time_slice_change.c            0x00000000   Number         0  tx_thread_time_slice_change.o ABSOLUTE
    tx_thread_timeout.c                      0x00000000   Number         0  tx_thread_timeout.o ABSOLUTE
    tx_thread_wait_abort.c                   0x00000000   Number         0  tx_thread_wait_abort.o ABSOLUTE
    tx_time_get.c                            0x00000000   Number         0  tx_time_get.o ABSOLUTE
    tx_time_set.c                            0x00000000   Number         0  tx_time_set.o ABSOLUTE
    tx_timer_activate.c                      0x00000000   Number         0  tx_timer_activate.o ABSOLUTE
    tx_timer_change.c                        0x00000000   Number         0  tx_timer_change.o ABSOLUTE
    tx_timer_create.c                        0x00000000   Number         0  tx_timer_create.o ABSOLUTE
    tx_timer_deactivate.c                    0x00000000   Number         0  tx_timer_deactivate.o ABSOLUTE
    tx_timer_delete.c                        0x00000000   Number         0  tx_timer_delete.o ABSOLUTE
    tx_timer_expiration_process.c            0x00000000   Number         0  tx_timer_expiration_process.o ABSOLUTE
    tx_timer_info_get.c                      0x00000000   Number         0  tx_timer_info_get.o ABSOLUTE
    tx_timer_initialize.c                    0x00000000   Number         0  tx_timer_initialize.o ABSOLUTE
    tx_timer_system_activate.c               0x00000000   Number         0  tx_timer_system_activate.o ABSOLUTE
    tx_timer_system_deactivate.c             0x00000000   Number         0  tx_timer_system_deactivate.o ABSOLUTE
    tx_timer_thread_entry.c                  0x00000000   Number         0  tx_timer_thread_entry.o ABSOLUTE
    txe_block_allocate.c                     0x00000000   Number         0  txe_block_allocate.o ABSOLUTE
    txe_block_pool_create.c                  0x00000000   Number         0  txe_block_pool_create.o ABSOLUTE
    txe_block_pool_delete.c                  0x00000000   Number         0  txe_block_pool_delete.o ABSOLUTE
    txe_block_pool_info_get.c                0x00000000   Number         0  txe_block_pool_info_get.o ABSOLUTE
    txe_block_pool_prioritize.c              0x00000000   Number         0  txe_block_pool_prioritize.o ABSOLUTE
    txe_block_release.c                      0x00000000   Number         0  txe_block_release.o ABSOLUTE
    txe_byte_allocate.c                      0x00000000   Number         0  txe_byte_allocate.o ABSOLUTE
    txe_byte_pool_create.c                   0x00000000   Number         0  txe_byte_pool_create.o ABSOLUTE
    txe_byte_pool_delete.c                   0x00000000   Number         0  txe_byte_pool_delete.o ABSOLUTE
    txe_byte_pool_info_get.c                 0x00000000   Number         0  txe_byte_pool_info_get.o ABSOLUTE
    txe_byte_pool_prioritize.c               0x00000000   Number         0  txe_byte_pool_prioritize.o ABSOLUTE
    txe_byte_release.c                       0x00000000   Number         0  txe_byte_release.o ABSOLUTE
    txe_event_flags_create.c                 0x00000000   Number         0  txe_event_flags_create.o ABSOLUTE
    txe_event_flags_delete.c                 0x00000000   Number         0  txe_event_flags_delete.o ABSOLUTE
    txe_event_flags_get.c                    0x00000000   Number         0  txe_event_flags_get.o ABSOLUTE
    txe_event_flags_info_get.c               0x00000000   Number         0  txe_event_flags_info_get.o ABSOLUTE
    txe_event_flags_set.c                    0x00000000   Number         0  txe_event_flags_set.o ABSOLUTE
    txe_event_flags_set_notify.c             0x00000000   Number         0  txe_event_flags_set_notify.o ABSOLUTE
    txe_mutex_create.c                       0x00000000   Number         0  txe_mutex_create.o ABSOLUTE
    txe_mutex_delete.c                       0x00000000   Number         0  txe_mutex_delete.o ABSOLUTE
    txe_mutex_get.c                          0x00000000   Number         0  txe_mutex_get.o ABSOLUTE
    txe_mutex_info_get.c                     0x00000000   Number         0  txe_mutex_info_get.o ABSOLUTE
    txe_mutex_prioritize.c                   0x00000000   Number         0  txe_mutex_prioritize.o ABSOLUTE
    txe_mutex_put.c                          0x00000000   Number         0  txe_mutex_put.o ABSOLUTE
    txe_queue_create.c                       0x00000000   Number         0  txe_queue_create.o ABSOLUTE
    txe_queue_delete.c                       0x00000000   Number         0  txe_queue_delete.o ABSOLUTE
    txe_queue_flush.c                        0x00000000   Number         0  txe_queue_flush.o ABSOLUTE
    txe_queue_front_send.c                   0x00000000   Number         0  txe_queue_front_send.o ABSOLUTE
    txe_queue_info_get.c                     0x00000000   Number         0  txe_queue_info_get.o ABSOLUTE
    txe_queue_prioritize.c                   0x00000000   Number         0  txe_queue_prioritize.o ABSOLUTE
    txe_queue_receive.c                      0x00000000   Number         0  txe_queue_receive.o ABSOLUTE
    txe_queue_send.c                         0x00000000   Number         0  txe_queue_send.o ABSOLUTE
    txe_queue_send_notify.c                  0x00000000   Number         0  txe_queue_send_notify.o ABSOLUTE
    txe_semaphore_ceiling_put.c              0x00000000   Number         0  txe_semaphore_ceiling_put.o ABSOLUTE
    txe_semaphore_create.c                   0x00000000   Number         0  txe_semaphore_create.o ABSOLUTE
    txe_semaphore_delete.c                   0x00000000   Number         0  txe_semaphore_delete.o ABSOLUTE
    txe_semaphore_get.c                      0x00000000   Number         0  txe_semaphore_get.o ABSOLUTE
    txe_semaphore_info_get.c                 0x00000000   Number         0  txe_semaphore_info_get.o ABSOLUTE
    txe_semaphore_prioritize.c               0x00000000   Number         0  txe_semaphore_prioritize.o ABSOLUTE
    txe_semaphore_put.c                      0x00000000   Number         0  txe_semaphore_put.o ABSOLUTE
    txe_semaphore_put_notify.c               0x00000000   Number         0  txe_semaphore_put_notify.o ABSOLUTE
    txe_thread_create.c                      0x00000000   Number         0  txe_thread_create.o ABSOLUTE
    txe_thread_delete.c                      0x00000000   Number         0  txe_thread_delete.o ABSOLUTE
    txe_thread_entry_exit_notify.c           0x00000000   Number         0  txe_thread_entry_exit_notify.o ABSOLUTE
    txe_thread_info_get.c                    0x00000000   Number         0  txe_thread_info_get.o ABSOLUTE
    txe_thread_preemption_change.c           0x00000000   Number         0  txe_thread_preemption_change.o ABSOLUTE
    txe_thread_priority_change.c             0x00000000   Number         0  txe_thread_priority_change.o ABSOLUTE
    txe_thread_relinquish.c                  0x00000000   Number         0  txe_thread_relinquish.o ABSOLUTE
    txe_thread_reset.c                       0x00000000   Number         0  txe_thread_reset.o ABSOLUTE
    txe_thread_resume.c                      0x00000000   Number         0  txe_thread_resume.o ABSOLUTE
    txe_thread_suspend.c                     0x00000000   Number         0  txe_thread_suspend.o ABSOLUTE
    txe_thread_terminate.c                   0x00000000   Number         0  txe_thread_terminate.o ABSOLUTE
    txe_thread_time_slice_change.c           0x00000000   Number         0  txe_thread_time_slice_change.o ABSOLUTE
    txe_thread_wait_abort.c                  0x00000000   Number         0  txe_thread_wait_abort.o ABSOLUTE
    txe_timer_activate.c                     0x00000000   Number         0  txe_timer_activate.o ABSOLUTE
    txe_timer_change.c                       0x00000000   Number         0  txe_timer_change.o ABSOLUTE
    txe_timer_create.c                       0x00000000   Number         0  txe_timer_create.o ABSOLUTE
    txe_timer_deactivate.c                   0x00000000   Number         0  txe_timer_deactivate.o ABSOLUTE
    txe_timer_delete.c                       0x00000000   Number         0  txe_timer_delete.o ABSOLUTE
    txe_timer_info_get.c                     0x00000000   Number         0  txe_timer_info_get.o ABSOLUTE
    usart.c                                  0x00000000   Number         0  usart.o ABSOLUTE
    SYSTICK_CYCLES                           0x0019a27f   Number         0  tx_initialize_low_level.o ABSOLUTE
    RESET                                    0x08000000   Section      392  startup_stm32f407xx.o(RESET)
    .ARM.Collect$$$$00000000                 0x08000188   Section        0  entry.o(.ARM.Collect$$$$00000000)
    .ARM.Collect$$$$00000001                 0x08000188   Section        4  entry2.o(.ARM.Collect$$$$00000001)
    .ARM.Collect$$$$00000004                 0x0800018c   Section        4  entry5.o(.ARM.Collect$$$$00000004)
    .ARM.Collect$$$$00000008                 0x08000190   Section        0  entry7b.o(.ARM.Collect$$$$00000008)
    .ARM.Collect$$$$0000000A                 0x08000190   Section        0  entry8b.o(.ARM.Collect$$$$0000000A)
    .ARM.Collect$$$$0000000B                 0x08000190   Section        8  entry9a.o(.ARM.Collect$$$$0000000B)
    __lit__00000000                          0x08000198   Data           4  entry2.o(.ARM.Collect$$$$00002712)
    .ARM.Collect$$$$0000000D                 0x08000198   Section        0  entry10a.o(.ARM.Collect$$$$0000000D)
    .ARM.Collect$$$$0000000F                 0x08000198   Section        0  entry11a.o(.ARM.Collect$$$$0000000F)
    .ARM.Collect$$$$00002712                 0x08000198   Section        4  entry2.o(.ARM.Collect$$$$00002712)
    $v0                                      0x0800019c   Number         0  startup_stm32f407xx.o(.text)
    .text                                    0x0800019c   Section       36  startup_stm32f407xx.o(.text)
    [Anonymous Symbol]                       0x080001c0   Section        0  tx_initialize_low_level.o(.text)
    [Anonymous Symbol]                       0x08000270   Section        0  tx_thread_schedule.o(.text)
    __tx_wait_here                           0x0800029a   Number         0  tx_thread_schedule.o(.text)
    __tx_ts_handler                          0x0800029c   Number         0  tx_thread_schedule.o(.text)
    _skip_vfp_save                           0x080002bc   Number         0  tx_thread_schedule.o(.text)
    __tx_ts_new                              0x080002ce   Number         0  tx_thread_schedule.o(.text)
    __tx_ts_restore                          0x080002d8   Number         0  tx_thread_schedule.o(.text)
    _skip_vfp_restore                        0x080002f8   Number         0  tx_thread_schedule.o(.text)
    __tx_ts_wait                             0x08000302   Number         0  tx_thread_schedule.o(.text)
    __tx_ts_ready                            0x0800030e   Number         0  tx_thread_schedule.o(.text)
    [Anonymous Symbol]                       0x08000340   Section        0  tx_thread_stack_build.o(.text)
    [Anonymous Symbol]                       0x08000380   Section        0  tx_timer_interrupt.o(.text)
    __tx_timer_no_time_slice                 0x080003a0   Number         0  tx_timer_interrupt.o(.text)
    __tx_timer_no_timer                      0x080003b2   Number         0  tx_timer_interrupt.o(.text)
    __tx_timer_skip_wrap                     0x080003c2   Number         0  tx_timer_interrupt.o(.text)
    __tx_timer_done                          0x080003c4   Number         0  tx_timer_interrupt.o(.text)
    __tx_something_expired                   0x080003d0   Number         0  tx_timer_interrupt.o(.text)
    __tx_timer_dont_activate                 0x080003de   Number         0  tx_timer_interrupt.o(.text)
    __tx_timer_not_ts_expiration             0x08000402   Number         0  tx_timer_interrupt.o(.text)
    __tx_timer_skip_time_slice               0x08000402   Number         0  tx_timer_interrupt.o(.text)
    __tx_timer_nothing_expired               0x08000406   Number         0  tx_timer_interrupt.o(.text)
    .text                                    0x08000448   Section        0  uldiv.o(.text)
    .text                                    0x080004aa   Section        0  memseta.o(.text)
    .text                                    0x080004ce   Section        0  uidiv.o(.text)
    .text                                    0x080004fa   Section        0  llshl.o(.text)
    .text                                    0x08000518   Section        0  llushr.o(.text)
    .text                                    0x08000538   Section        0  iusefp.o(.text)
    .text                                    0x08000538   Section        0  dadd.o(.text)
    .text                                    0x08000686   Section        0  dmul.o(.text)
    .text                                    0x0800076a   Section        0  ddiv.o(.text)
    .text                                    0x08000848   Section        0  dfixul.o(.text)
    .text                                    0x08000878   Section       48  cdrcmple.o(.text)
    .text                                    0x080008a8   Section       36  init.o(.text)
    .text                                    0x080008cc   Section        0  llsshr.o(.text)
    .text                                    0x080008f0   Section        0  depilogue.o(.text)
    [Anonymous Symbol]                       0x080009ac   Section        0  app_threadx.o(.text.App_ThreadX_Init)
    [Anonymous Symbol]                       0x08000a20   Section        0  stm32f4xx_it.o(.text.BusFault_Handler)
    [Anonymous Symbol]                       0x08000a24   Section        0  stm32f4xx_it.o(.text.DebugMon_Handler)
    [Anonymous Symbol]                       0x08000a28   Section        0  main.o(.text.Error_Handler)
    [Anonymous Symbol]                       0x08000a30   Section        0  stm32f4xx_hal_gpio.o(.text.HAL_GPIO_Init)
    [Anonymous Symbol]                       0x08000de8   Section        0  stm32f4xx_hal_gpio.o(.text.HAL_GPIO_WritePin)
    [Anonymous Symbol]                       0x08000e18   Section        0  stm32f4xx_hal.o(.text.HAL_GetTick)
    [Anonymous Symbol]                       0x08000e24   Section        0  stm32f4xx_hal.o(.text.HAL_IncTick)
    [Anonymous Symbol]                       0x08000e40   Section        0  stm32f4xx_hal.o(.text.HAL_Init)
    [Anonymous Symbol]                       0x08000e78   Section        0  stm32f4xx_hal_timebase_tim.o(.text.HAL_InitTick)
    [Anonymous Symbol]                       0x08000f54   Section        0  stm32f4xx_hal_msp.o(.text.HAL_MspInit)
    [Anonymous Symbol]                       0x08000fa0   Section        0  stm32f4xx_hal_cortex.o(.text.HAL_NVIC_EnableIRQ)
    [Anonymous Symbol]                       0x08000fb4   Section        0  stm32f4xx_hal_cortex.o(.text.HAL_NVIC_SetPriority)
    [Anonymous Symbol]                       0x08000fe8   Section        0  stm32f4xx_hal_cortex.o(.text.HAL_NVIC_SetPriorityGrouping)
    [Anonymous Symbol]                       0x08000ff8   Section        0  stm32f4xx_hal_rcc.o(.text.HAL_RCC_ClockConfig)
    [Anonymous Symbol]                       0x0800125c   Section        0  stm32f4xx_hal_rcc.o(.text.HAL_RCC_GetClockConfig)
    [Anonymous Symbol]                       0x080012b0   Section        0  stm32f4xx_hal_rcc.o(.text.HAL_RCC_GetHCLKFreq)
    [Anonymous Symbol]                       0x080012bc   Section        0  stm32f4xx_hal_rcc.o(.text.HAL_RCC_GetPCLK1Freq)
    [Anonymous Symbol]                       0x080012e0   Section        0  stm32f4xx_hal_rcc.o(.text.HAL_RCC_GetPCLK2Freq)
    [Anonymous Symbol]                       0x08001304   Section        0  stm32f4xx_hal_rcc.o(.text.HAL_RCC_GetSysClockFreq)
    [Anonymous Symbol]                       0x080013ec   Section        0  stm32f4xx_hal_rcc.o(.text.HAL_RCC_OscConfig)
    [Anonymous Symbol]                       0x08001aac   Section        0  stm32f4xx_hal_tim_ex.o(.text.HAL_TIMEx_BreakCallback)
    [Anonymous Symbol]                       0x08001ab4   Section        0  stm32f4xx_hal_tim_ex.o(.text.HAL_TIMEx_CommutCallback)
    [Anonymous Symbol]                       0x08001abc   Section        0  stm32f4xx_hal_tim.o(.text.HAL_TIM_Base_Init)
    [Anonymous Symbol]                       0x08001b58   Section        0  stm32f4xx_hal_tim.o(.text.HAL_TIM_Base_MspInit)
    [Anonymous Symbol]                       0x08001b60   Section        0  stm32f4xx_hal_tim.o(.text.HAL_TIM_Base_Start_IT)
    [Anonymous Symbol]                       0x08001c58   Section        0  stm32f4xx_hal_tim.o(.text.HAL_TIM_IC_CaptureCallback)
    [Anonymous Symbol]                       0x08001c60   Section        0  stm32f4xx_hal_tim.o(.text.HAL_TIM_IRQHandler)
    [Anonymous Symbol]                       0x08001e7c   Section        0  stm32f4xx_hal_tim.o(.text.HAL_TIM_OC_DelayElapsedCallback)
    [Anonymous Symbol]                       0x08001e84   Section        0  stm32f4xx_hal_tim.o(.text.HAL_TIM_PWM_PulseFinishedCallback)
    [Anonymous Symbol]                       0x08001e8c   Section        0  main.o(.text.HAL_TIM_PeriodElapsedCallback)
    [Anonymous Symbol]                       0x08001eac   Section        0  stm32f4xx_hal_tim.o(.text.HAL_TIM_TriggerCallback)
    [Anonymous Symbol]                       0x08001eb4   Section        0  stm32f4xx_hal_uart.o(.text.HAL_UART_Init)
    [Anonymous Symbol]                       0x08001f54   Section        0  usart.o(.text.HAL_UART_MspInit)
    [Anonymous Symbol]                       0x08002064   Section        0  stm32f4xx_hal_uart.o(.text.HAL_UART_Transmit)
    [Anonymous Symbol]                       0x08002194   Section        0  stm32f4xx_it.o(.text.HardFault_Handler)
    [Anonymous Symbol]                       0x08002198   Section        0  gpio.o(.text.MX_GPIO_Init)
    [Anonymous Symbol]                       0x08002284   Section        0  app_threadx.o(.text.MX_ThreadX_Init)
    [Anonymous Symbol]                       0x0800228c   Section        0  usart.o(.text.MX_USART1_UART_Init)
    [Anonymous Symbol]                       0x080022cc   Section        0  usart.o(.text.MX_USART3_UART_Init)
    Main_Thread_Entry                        0x0800230d   Thumb Code    40  app_threadx.o(.text.Main_Thread_Entry)
    [Anonymous Symbol]                       0x0800230c   Section        0  app_threadx.o(.text.Main_Thread_Entry)
    [Anonymous Symbol]                       0x08002334   Section        0  stm32f4xx_it.o(.text.MemManage_Handler)
    [Anonymous Symbol]                       0x08002338   Section        0  stm32f4xx_it.o(.text.NMI_Handler)
    NVIC_EncodePriority                      0x0800233d   Thumb Code   108  stm32f4xx_hal_cortex.o(.text.NVIC_EncodePriority)
    [Anonymous Symbol]                       0x0800233c   Section        0  stm32f4xx_hal_cortex.o(.text.NVIC_EncodePriority)
    [Anonymous Symbol]                       0x080023a8   Section        0  main.o(.text.SystemClock_Config)
    [Anonymous Symbol]                       0x08002464   Section        0  system_stm32f4xx.o(.text.SystemInit)
    [Anonymous Symbol]                       0x08002478   Section        0  stm32f4xx_it.o(.text.TIM1_UP_TIM10_IRQHandler)
    [Anonymous Symbol]                       0x08002488   Section        0  stm32f4xx_hal_tim.o(.text.TIM_Base_SetConfig)
    UART_EndRxTransfer                       0x08002639   Thumb Code   148  stm32f4xx_hal_uart.o(.text.UART_EndRxTransfer)
    [Anonymous Symbol]                       0x08002638   Section        0  stm32f4xx_hal_uart.o(.text.UART_EndRxTransfer)
    UART_SetConfig                           0x080026cd   Thumb Code   314  stm32f4xx_hal_uart.o(.text.UART_SetConfig)
    [Anonymous Symbol]                       0x080026cc   Section        0  stm32f4xx_hal_uart.o(.text.UART_SetConfig)
    UART_WaitOnFlagUntilTimeout              0x08002809   Thumb Code   218  stm32f4xx_hal_uart.o(.text.UART_WaitOnFlagUntilTimeout)
    [Anonymous Symbol]                       0x08002808   Section        0  stm32f4xx_hal_uart.o(.text.UART_WaitOnFlagUntilTimeout)
    [Anonymous Symbol]                       0x080028e4   Section        0  stm32f4xx_it.o(.text.UsageFault_Handler)
    __NVIC_EnableIRQ                         0x080028e9   Thumb Code    48  stm32f4xx_hal_cortex.o(.text.__NVIC_EnableIRQ)
    [Anonymous Symbol]                       0x080028e8   Section        0  stm32f4xx_hal_cortex.o(.text.__NVIC_EnableIRQ)
    __NVIC_GetPriorityGrouping               0x08002919   Thumb Code    16  stm32f4xx_hal_cortex.o(.text.__NVIC_GetPriorityGrouping)
    [Anonymous Symbol]                       0x08002918   Section        0  stm32f4xx_hal_cortex.o(.text.__NVIC_GetPriorityGrouping)
    __NVIC_SetPriority                       0x08002929   Thumb Code    66  stm32f4xx_hal_cortex.o(.text.__NVIC_SetPriority)
    [Anonymous Symbol]                       0x08002928   Section        0  stm32f4xx_hal_cortex.o(.text.__NVIC_SetPriority)
    __NVIC_SetPriorityGrouping               0x0800296d   Thumb Code    60  stm32f4xx_hal_cortex.o(.text.__NVIC_SetPriorityGrouping)
    [Anonymous Symbol]                       0x0800296c   Section        0  stm32f4xx_hal_cortex.o(.text.__NVIC_SetPriorityGrouping)
    [Anonymous Symbol]                       0x080029a8   Section        0  tx_byte_allocate.o(.text._tx_byte_allocate)
    [Anonymous Symbol]                       0x08002b40   Section        0  tx_byte_pool_cleanup.o(.text._tx_byte_pool_cleanup)
    [Anonymous Symbol]                       0x08002c4c   Section        0  tx_byte_pool_create.o(.text._tx_byte_pool_create)
    [Anonymous Symbol]                       0x08002d7c   Section        0  tx_byte_pool_search.o(.text._tx_byte_pool_search)
    [Anonymous Symbol]                       0x08002fb8   Section        0  tx_initialize_high_level.o(.text._tx_initialize_high_level)
    [Anonymous Symbol]                       0x08003040   Section        0  tx_initialize_kernel_enter.o(.text._tx_initialize_kernel_enter)
    [Anonymous Symbol]                       0x080030a8   Section        0  tx_thread_create.o(.text._tx_thread_create)
    [Anonymous Symbol]                       0x080032c4   Section        0  tx_thread_initialize.o(.text._tx_thread_initialize)
    [Anonymous Symbol]                       0x08003344   Section        0  tx_thread_shell_entry.o(.text._tx_thread_shell_entry)
    [Anonymous Symbol]                       0x080033d8   Section        0  tx_thread_sleep.o(.text._tx_thread_sleep)
    [Anonymous Symbol]                       0x080034dc   Section        0  tx_thread_system_preempt_check.o(.text._tx_thread_system_preempt_check)
    [Anonymous Symbol]                       0x0800354c   Section        0  tx_thread_system_resume.o(.text._tx_thread_system_resume)
    [Anonymous Symbol]                       0x08003794   Section        0  tx_thread_system_suspend.o(.text._tx_thread_system_suspend)
    [Anonymous Symbol]                       0x08003a14   Section        0  tx_thread_time_slice.o(.text._tx_thread_time_slice)
    [Anonymous Symbol]                       0x08003ab8   Section        0  tx_thread_timeout.o(.text._tx_thread_timeout)
    [Anonymous Symbol]                       0x08003b2c   Section        0  tx_timer_expiration_process.o(.text._tx_timer_expiration_process)
    [Anonymous Symbol]                       0x08003b68   Section        0  tx_timer_initialize.o(.text._tx_timer_initialize)
    [Anonymous Symbol]                       0x08003c88   Section        0  tx_timer_system_activate.o(.text._tx_timer_system_activate)
    [Anonymous Symbol]                       0x08003d5c   Section        0  tx_timer_system_deactivate.o(.text._tx_timer_system_deactivate)
    [Anonymous Symbol]                       0x08003dcc   Section        0  tx_timer_thread_entry.o(.text._tx_timer_thread_entry)
    [Anonymous Symbol]                       0x08003fe4   Section        0  txe_byte_allocate.o(.text._txe_byte_allocate)
    [Anonymous Symbol]                       0x08004100   Section        0  txe_byte_pool_create.o(.text._txe_byte_pool_create)
    [Anonymous Symbol]                       0x08004274   Section        0  txe_thread_create.o(.text._txe_thread_create)
    [Anonymous Symbol]                       0x080044d8   Section        0  usart.o(.text.fputc)
    [Anonymous Symbol]                       0x080044fc   Section        0  main.o(.text.main)
    [Anonymous Symbol]                       0x08004520   Section        0  app_azure_rtos.o(.text.tx_application_define)
    i.__0printf                              0x08004570   Section        0  printfa.o(i.__0printf)
    i.__scatterload_copy                     0x08004590   Section       14  handlers.o(i.__scatterload_copy)
    i.__scatterload_null                     0x0800459e   Section        2  handlers.o(i.__scatterload_null)
    i.__scatterload_zeroinit                 0x080045a0   Section       14  handlers.o(i.__scatterload_zeroinit)
    _fp_digits                               0x080045b1   Thumb Code   366  printfa.o(i._fp_digits)
    i._fp_digits                             0x080045b0   Section        0  printfa.o(i._fp_digits)
    _printf_core                             0x08004735   Thumb Code  1744  printfa.o(i._printf_core)
    i._printf_core                           0x08004734   Section        0  printfa.o(i._printf_core)
    _printf_post_padding                     0x08004e11   Thumb Code    36  printfa.o(i._printf_post_padding)
    i._printf_post_padding                   0x08004e10   Section        0  printfa.o(i._printf_post_padding)
    _printf_pre_padding                      0x08004e35   Thumb Code    46  printfa.o(i._printf_pre_padding)
    i._printf_pre_padding                    0x08004e34   Section        0  printfa.o(i._printf_pre_padding)
    .L.str.1                                 0x08004e7a   Data          20  app_threadx.o(.rodata.str1.1)
    [Anonymous Symbol]                       0x08004e7a   Section        0  app_threadx.o(.rodata.str1.1)
    .L.str.2                                 0x08004e8e   Data           7  app_threadx.o(.rodata.str1.1)
    .L.str                                   0x08004e95   Data          12  app_threadx.o(.rodata.str1.1)
    .L.str                                   0x08004ea1   Data          19  app_azure_rtos.o(.rodata.str1.1)
    [Anonymous Symbol]                       0x08004ea1   Section        0  app_azure_rtos.o(.rodata.str1.1)
    .L.str                                   0x08004eb4   Data          20  tx_timer_initialize.o(.rodata.str1.1)
    [Anonymous Symbol]                       0x08004eb4   Section        0  tx_timer_initialize.o(.rodata.str1.1)
    SYSTEM_CLOCK                             0x0a037a00   Number         0  tx_initialize_low_level.o ABSOLUTE
    .data                                    0x20000000   Section        4  stdout.o(.data)
    tx_app_byte_pool                         0x20000730   Data          52  app_azure_rtos.o(.bss.tx_app_byte_pool)
    [Anonymous Symbol]                       0x20000730   Section        0  app_azure_rtos.o(.bss.tx_app_byte_pool)
    tx_byte_pool_buffer                      0x20000764   Data       10240  app_azure_rtos.o(.bss.tx_byte_pool_buffer)
    [Anonymous Symbol]                       0x20000764   Section        0  app_azure_rtos.o(.bss.tx_byte_pool_buffer)
    tx_main_thread                           0x20002f64   Data         176  app_threadx.o(.bss.tx_main_thread)
    [Anonymous Symbol]                       0x20002f64   Section        0  app_threadx.o(.bss.tx_main_thread)
    STACK                                    0x20003018   Section     1024  startup_stm32f407xx.o(STACK)

    Global Symbols

    Symbol Name                              Value     Ov Type        Size  Object(Section)

    BuildAttributes$$THM_ISAv4$E$P$D$K$B$S$7EM$VFPi3$EXTD16$VFPS$VFMA$PE$A:L22UL41UL21$X:L11$S22US41US21$IEEE1$IW$~IW$USESV6$~STKCKD$USESV7$~SHL$OSPACE$ROPI$EBA8$MICROLIB$REQ8$EABIv2 0x00000000   Number         0  anon$$obj.o ABSOLUTE
    __cpp_initialize__aeabi_                  - Undefined Weak Reference
    __cxa_finalize                            - Undefined Weak Reference
    __decompress                              - Undefined Weak Reference
    _clock_init                               - Undefined Weak Reference
    _microlib_exit                            - Undefined Weak Reference
    __Vectors_Size                           0x00000188   Number         0  startup_stm32f407xx.o ABSOLUTE
    __Vectors                                0x08000000   Data           4  startup_stm32f407xx.o(RESET)
    __Vectors_End                            0x08000188   Data           0  startup_stm32f407xx.o(RESET)
    __main                                   0x08000189   Thumb Code     0  entry.o(.ARM.Collect$$$$00000000)
    _main_stk                                0x08000189   Thumb Code     0  entry2.o(.ARM.Collect$$$$00000001)
    _main_scatterload                        0x0800018d   Thumb Code     0  entry5.o(.ARM.Collect$$$$00000004)
    __main_after_scatterload                 0x08000191   Thumb Code     0  entry5.o(.ARM.Collect$$$$00000004)
    _main_clock                              0x08000191   Thumb Code     0  entry7b.o(.ARM.Collect$$$$00000008)
    _main_cpp_init                           0x08000191   Thumb Code     0  entry8b.o(.ARM.Collect$$$$0000000A)
    _main_init                               0x08000191   Thumb Code     0  entry9a.o(.ARM.Collect$$$$0000000B)
    __rt_final_cpp                           0x08000199   Thumb Code     0  entry10a.o(.ARM.Collect$$$$0000000D)
    __rt_final_exit                          0x08000199   Thumb Code     0  entry11a.o(.ARM.Collect$$$$0000000F)
    Reset_Handler                            0x0800019d   Thumb Code     8  startup_stm32f407xx.o(.text)
    SVC_Handler                              0x080001af   Thumb Code     2  startup_stm32f407xx.o(.text)
    ADC_IRQHandler                           0x080001b7   Thumb Code     0  startup_stm32f407xx.o(.text)
    CAN1_RX0_IRQHandler                      0x080001b7   Thumb Code     0  startup_stm32f407xx.o(.text)
    CAN1_RX1_IRQHandler                      0x080001b7   Thumb Code     0  startup_stm32f407xx.o(.text)
    CAN1_SCE_IRQHandler                      0x080001b7   Thumb Code     0  startup_stm32f407xx.o(.text)
    CAN1_TX_IRQHandler                       0x080001b7   Thumb Code     0  startup_stm32f407xx.o(.text)
    CAN2_RX0_IRQHandler                      0x080001b7   Thumb Code     0  startup_stm32f407xx.o(.text)
    CAN2_RX1_IRQHandler                      0x080001b7   Thumb Code     0  startup_stm32f407xx.o(.text)
    CAN2_SCE_IRQHandler                      0x080001b7   Thumb Code     0  startup_stm32f407xx.o(.text)
    CAN2_TX_IRQHandler                       0x080001b7   Thumb Code     0  startup_stm32f407xx.o(.text)
    DCMI_IRQHandler                          0x080001b7   Thumb Code     0  startup_stm32f407xx.o(.text)
    DMA1_Stream0_IRQHandler                  0x080001b7   Thumb Code     0  startup_stm32f407xx.o(.text)
    DMA1_Stream1_IRQHandler                  0x080001b7   Thumb Code     0  startup_stm32f407xx.o(.text)
    DMA1_Stream2_IRQHandler                  0x080001b7   Thumb Code     0  startup_stm32f407xx.o(.text)
    DMA1_Stream3_IRQHandler                  0x080001b7   Thumb Code     0  startup_stm32f407xx.o(.text)
    DMA1_Stream4_IRQHandler                  0x080001b7   Thumb Code     0  startup_stm32f407xx.o(.text)
    DMA1_Stream5_IRQHandler                  0x080001b7   Thumb Code     0  startup_stm32f407xx.o(.text)
    DMA1_Stream6_IRQHandler                  0x080001b7   Thumb Code     0  startup_stm32f407xx.o(.text)
    DMA1_Stream7_IRQHandler                  0x080001b7   Thumb Code     0  startup_stm32f407xx.o(.text)
    DMA2_Stream0_IRQHandler                  0x080001b7   Thumb Code     0  startup_stm32f407xx.o(.text)
    DMA2_Stream1_IRQHandler                  0x080001b7   Thumb Code     0  startup_stm32f407xx.o(.text)
    DMA2_Stream2_IRQHandler                  0x080001b7   Thumb Code     0  startup_stm32f407xx.o(.text)
    DMA2_Stream3_IRQHandler                  0x080001b7   Thumb Code     0  startup_stm32f407xx.o(.text)
    DMA2_Stream4_IRQHandler                  0x080001b7   Thumb Code     0  startup_stm32f407xx.o(.text)
    DMA2_Stream5_IRQHandler                  0x080001b7   Thumb Code     0  startup_stm32f407xx.o(.text)
    DMA2_Stream6_IRQHandler                  0x080001b7   Thumb Code     0  startup_stm32f407xx.o(.text)
    DMA2_Stream7_IRQHandler                  0x080001b7   Thumb Code     0  startup_stm32f407xx.o(.text)
    ETH_IRQHandler                           0x080001b7   Thumb Code     0  startup_stm32f407xx.o(.text)
    ETH_WKUP_IRQHandler                      0x080001b7   Thumb Code     0  startup_stm32f407xx.o(.text)
    EXTI0_IRQHandler                         0x080001b7   Thumb Code     0  startup_stm32f407xx.o(.text)
    EXTI15_10_IRQHandler                     0x080001b7   Thumb Code     0  startup_stm32f407xx.o(.text)
    EXTI1_IRQHandler                         0x080001b7   Thumb Code     0  startup_stm32f407xx.o(.text)
    EXTI2_IRQHandler                         0x080001b7   Thumb Code     0  startup_stm32f407xx.o(.text)
    EXTI3_IRQHandler                         0x080001b7   Thumb Code     0  startup_stm32f407xx.o(.text)
    EXTI4_IRQHandler                         0x080001b7   Thumb Code     0  startup_stm32f407xx.o(.text)
    EXTI9_5_IRQHandler                       0x080001b7   Thumb Code     0  startup_stm32f407xx.o(.text)
    FLASH_IRQHandler                         0x080001b7   Thumb Code     0  startup_stm32f407xx.o(.text)
    FMC_IRQHandler                           0x080001b7   Thumb Code     0  startup_stm32f407xx.o(.text)
    FPU_IRQHandler                           0x080001b7   Thumb Code     0  startup_stm32f407xx.o(.text)
    HASH_RNG_IRQHandler                      0x080001b7   Thumb Code     0  startup_stm32f407xx.o(.text)
    I2C1_ER_IRQHandler                       0x080001b7   Thumb Code     0  startup_stm32f407xx.o(.text)
    I2C1_EV_IRQHandler                       0x080001b7   Thumb Code     0  startup_stm32f407xx.o(.text)
    I2C2_ER_IRQHandler                       0x080001b7   Thumb Code     0  startup_stm32f407xx.o(.text)
    I2C2_EV_IRQHandler                       0x080001b7   Thumb Code     0  startup_stm32f407xx.o(.text)
    I2C3_ER_IRQHandler                       0x080001b7   Thumb Code     0  startup_stm32f407xx.o(.text)
    I2C3_EV_IRQHandler                       0x080001b7   Thumb Code     0  startup_stm32f407xx.o(.text)
    OTG_FS_IRQHandler                        0x080001b7   Thumb Code     0  startup_stm32f407xx.o(.text)
    OTG_FS_WKUP_IRQHandler                   0x080001b7   Thumb Code     0  startup_stm32f407xx.o(.text)
    OTG_HS_EP1_IN_IRQHandler                 0x080001b7   Thumb Code     0  startup_stm32f407xx.o(.text)
    OTG_HS_EP1_OUT_IRQHandler                0x080001b7   Thumb Code     0  startup_stm32f407xx.o(.text)
    OTG_HS_IRQHandler                        0x080001b7   Thumb Code     0  startup_stm32f407xx.o(.text)
    OTG_HS_WKUP_IRQHandler                   0x080001b7   Thumb Code     0  startup_stm32f407xx.o(.text)
    PVD_IRQHandler                           0x080001b7   Thumb Code     0  startup_stm32f407xx.o(.text)
    RCC_IRQHandler                           0x080001b7   Thumb Code     0  startup_stm32f407xx.o(.text)
    RTC_Alarm_IRQHandler                     0x080001b7   Thumb Code     0  startup_stm32f407xx.o(.text)
    RTC_WKUP_IRQHandler                      0x080001b7   Thumb Code     0  startup_stm32f407xx.o(.text)
    SDIO_IRQHandler                          0x080001b7   Thumb Code     0  startup_stm32f407xx.o(.text)
    SPI1_IRQHandler                          0x080001b7   Thumb Code     0  startup_stm32f407xx.o(.text)
    SPI2_IRQHandler                          0x080001b7   Thumb Code     0  startup_stm32f407xx.o(.text)
    SPI3_IRQHandler                          0x080001b7   Thumb Code     0  startup_stm32f407xx.o(.text)
    TAMP_STAMP_IRQHandler                    0x080001b7   Thumb Code     0  startup_stm32f407xx.o(.text)
    TIM1_BRK_TIM9_IRQHandler                 0x080001b7   Thumb Code     0  startup_stm32f407xx.o(.text)
    TIM1_CC_IRQHandler                       0x080001b7   Thumb Code     0  startup_stm32f407xx.o(.text)
    TIM1_TRG_COM_TIM11_IRQHandler            0x080001b7   Thumb Code     0  startup_stm32f407xx.o(.text)
    TIM2_IRQHandler                          0x080001b7   Thumb Code     0  startup_stm32f407xx.o(.text)
    TIM3_IRQHandler                          0x080001b7   Thumb Code     0  startup_stm32f407xx.o(.text)
    TIM4_IRQHandler                          0x080001b7   Thumb Code     0  startup_stm32f407xx.o(.text)
    TIM5_IRQHandler                          0x080001b7   Thumb Code     0  startup_stm32f407xx.o(.text)
    TIM6_DAC_IRQHandler                      0x080001b7   Thumb Code     0  startup_stm32f407xx.o(.text)
    TIM7_IRQHandler                          0x080001b7   Thumb Code     0  startup_stm32f407xx.o(.text)
    TIM8_BRK_TIM12_IRQHandler                0x080001b7   Thumb Code     0  startup_stm32f407xx.o(.text)
    TIM8_CC_IRQHandler                       0x080001b7   Thumb Code     0  startup_stm32f407xx.o(.text)
    TIM8_TRG_COM_TIM14_IRQHandler            0x080001b7   Thumb Code     0  startup_stm32f407xx.o(.text)
    TIM8_UP_TIM13_IRQHandler                 0x080001b7   Thumb Code     0  startup_stm32f407xx.o(.text)
    UART4_IRQHandler                         0x080001b7   Thumb Code     0  startup_stm32f407xx.o(.text)
    UART5_IRQHandler                         0x080001b7   Thumb Code     0  startup_stm32f407xx.o(.text)
    USART1_IRQHandler                        0x080001b7   Thumb Code     0  startup_stm32f407xx.o(.text)
    USART2_IRQHandler                        0x080001b7   Thumb Code     0  startup_stm32f407xx.o(.text)
    USART3_IRQHandler                        0x080001b7   Thumb Code     0  startup_stm32f407xx.o(.text)
    USART6_IRQHandler                        0x080001b7   Thumb Code     0  startup_stm32f407xx.o(.text)
    WWDG_IRQHandler                          0x080001b7   Thumb Code     0  startup_stm32f407xx.o(.text)
    _tx_initialize_low_level                 0x080001e1   Thumb Code     0  tx_initialize_low_level.o(.text)
    __tx_BadHandler                          0x0800023f   Thumb Code     0  tx_initialize_low_level.o(.text)
    __tx_HardfaultHandler                    0x08000243   Thumb Code     0  tx_initialize_low_level.o(.text)
    __tx_SVCallHandler                       0x08000247   Thumb Code     0  tx_initialize_low_level.o(.text)
    __tx_IntHandler                          0x0800024b   Thumb Code     0  tx_initialize_low_level.o(.text)
    SysTick_Handler                          0x08000253   Thumb Code     0  tx_initialize_low_level.o(.text)
    __tx_SysTickHandler                      0x08000253   Thumb Code     0  tx_initialize_low_level.o(.text)
    __tx_NMIHandler                          0x0800025f   Thumb Code     0  tx_initialize_low_level.o(.text)
    __tx_DBGHandler                          0x08000263   Thumb Code     0  tx_initialize_low_level.o(.text)
    _tx_thread_schedule                      0x08000271   Thumb Code     0  tx_thread_schedule.o(.text)
    PendSV_Handler                           0x0800029d   Thumb Code     0  tx_thread_schedule.o(.text)
    __tx_PendSVHandler                       0x0800029d   Thumb Code     0  tx_thread_schedule.o(.text)
    tx_thread_fpu_disable                    0x0800031f   Thumb Code     0  tx_thread_schedule.o(.text)
    tx_thread_fpu_enable                     0x0800031f   Thumb Code     0  tx_thread_schedule.o(.text)
    _tx_thread_stack_build                   0x08000341   Thumb Code     0  tx_thread_stack_build.o(.text)
    _tx_timer_interrupt                      0x08000381   Thumb Code     0  tx_timer_interrupt.o(.text)
    __aeabi_uldivmod                         0x08000449   Thumb Code    98  uldiv.o(.text)
    __aeabi_memset                           0x080004ab   Thumb Code    14  memseta.o(.text)
    __aeabi_memset4                          0x080004ab   Thumb Code     0  memseta.o(.text)
    __aeabi_memset8                          0x080004ab   Thumb Code     0  memseta.o(.text)
    __aeabi_memclr                           0x080004b9   Thumb Code     4  memseta.o(.text)
    __aeabi_memclr4                          0x080004b9   Thumb Code     0  memseta.o(.text)
    __aeabi_memclr8                          0x080004b9   Thumb Code     0  memseta.o(.text)
    _memset$wrapper                          0x080004bd   Thumb Code    18  memseta.o(.text)
    __aeabi_uidiv                            0x080004cf   Thumb Code     0  uidiv.o(.text)
    __aeabi_uidivmod                         0x080004cf   Thumb Code    44  uidiv.o(.text)
    __aeabi_llsl                             0x080004fb   Thumb Code    30  llshl.o(.text)
    _ll_shift_l                              0x080004fb   Thumb Code     0  llshl.o(.text)
    __aeabi_llsr                             0x08000519   Thumb Code    32  llushr.o(.text)
    _ll_ushift_r                             0x08000519   Thumb Code     0  llushr.o(.text)
    __I$use$fp                               0x08000539   Thumb Code     0  iusefp.o(.text)
    __aeabi_dadd                             0x08000539   Thumb Code   322  dadd.o(.text)
    __aeabi_dsub                             0x0800067b   Thumb Code     6  dadd.o(.text)
    __aeabi_drsub                            0x08000681   Thumb Code     6  dadd.o(.text)
    __aeabi_dmul                             0x08000687   Thumb Code   228  dmul.o(.text)
    __aeabi_ddiv                             0x0800076b   Thumb Code   222  ddiv.o(.text)
    __aeabi_d2ulz                            0x08000849   Thumb Code    48  dfixul.o(.text)
    __aeabi_cdrcmple                         0x08000879   Thumb Code    48  cdrcmple.o(.text)
    __scatterload                            0x080008a9   Thumb Code    28  init.o(.text)
    __scatterload_rt2                        0x080008a9   Thumb Code     0  init.o(.text)
    __aeabi_lasr                             0x080008cd   Thumb Code    36  llsshr.o(.text)
    _ll_sshift_r                             0x080008cd   Thumb Code     0  llsshr.o(.text)
    _double_round                            0x080008f1   Thumb Code    30  depilogue.o(.text)
    _double_epilogue                         0x0800090f   Thumb Code   156  depilogue.o(.text)
    App_ThreadX_Init                         0x080009ad   Thumb Code   116  app_threadx.o(.text.App_ThreadX_Init)
    BusFault_Handler                         0x08000a21   Thumb Code     4  stm32f4xx_it.o(.text.BusFault_Handler)
    DebugMon_Handler                         0x08000a25   Thumb Code     2  stm32f4xx_it.o(.text.DebugMon_Handler)
    Error_Handler                            0x08000a29   Thumb Code     6  main.o(.text.Error_Handler)
    HAL_GPIO_Init                            0x08000a31   Thumb Code   950  stm32f4xx_hal_gpio.o(.text.HAL_GPIO_Init)
    HAL_GPIO_WritePin                        0x08000de9   Thumb Code    46  stm32f4xx_hal_gpio.o(.text.HAL_GPIO_WritePin)
    HAL_GetTick                              0x08000e19   Thumb Code    12  stm32f4xx_hal.o(.text.HAL_GetTick)
    HAL_IncTick                              0x08000e25   Thumb Code    26  stm32f4xx_hal.o(.text.HAL_IncTick)
    HAL_Init                                 0x08000e41   Thumb Code    54  stm32f4xx_hal.o(.text.HAL_Init)
    HAL_InitTick                             0x08000e79   Thumb Code   218  stm32f4xx_hal_timebase_tim.o(.text.HAL_InitTick)
    HAL_MspInit                              0x08000f55   Thumb Code    74  stm32f4xx_hal_msp.o(.text.HAL_MspInit)
    HAL_NVIC_EnableIRQ                       0x08000fa1   Thumb Code    20  stm32f4xx_hal_cortex.o(.text.HAL_NVIC_EnableIRQ)
    HAL_NVIC_SetPriority                     0x08000fb5   Thumb Code    50  stm32f4xx_hal_cortex.o(.text.HAL_NVIC_SetPriority)
    HAL_NVIC_SetPriorityGrouping             0x08000fe9   Thumb Code    16  stm32f4xx_hal_cortex.o(.text.HAL_NVIC_SetPriorityGrouping)
    HAL_RCC_ClockConfig                      0x08000ff9   Thumb Code   610  stm32f4xx_hal_rcc.o(.text.HAL_RCC_ClockConfig)
    HAL_RCC_GetClockConfig                   0x0800125d   Thumb Code    84  stm32f4xx_hal_rcc.o(.text.HAL_RCC_GetClockConfig)
    HAL_RCC_GetHCLKFreq                      0x080012b1   Thumb Code    12  stm32f4xx_hal_rcc.o(.text.HAL_RCC_GetHCLKFreq)
    HAL_RCC_GetPCLK1Freq                     0x080012bd   Thumb Code    34  stm32f4xx_hal_rcc.o(.text.HAL_RCC_GetPCLK1Freq)
    HAL_RCC_GetPCLK2Freq                     0x080012e1   Thumb Code    34  stm32f4xx_hal_rcc.o(.text.HAL_RCC_GetPCLK2Freq)
    HAL_RCC_GetSysClockFreq                  0x08001305   Thumb Code   230  stm32f4xx_hal_rcc.o(.text.HAL_RCC_GetSysClockFreq)
    HAL_RCC_OscConfig                        0x080013ed   Thumb Code  1726  stm32f4xx_hal_rcc.o(.text.HAL_RCC_OscConfig)
    HAL_TIMEx_BreakCallback                  0x08001aad   Thumb Code     8  stm32f4xx_hal_tim_ex.o(.text.HAL_TIMEx_BreakCallback)
    HAL_TIMEx_CommutCallback                 0x08001ab5   Thumb Code     8  stm32f4xx_hal_tim_ex.o(.text.HAL_TIMEx_CommutCallback)
    HAL_TIM_Base_Init                        0x08001abd   Thumb Code   156  stm32f4xx_hal_tim.o(.text.HAL_TIM_Base_Init)
    HAL_TIM_Base_MspInit                     0x08001b59   Thumb Code     8  stm32f4xx_hal_tim.o(.text.HAL_TIM_Base_MspInit)
    HAL_TIM_Base_Start_IT                    0x08001b61   Thumb Code   246  stm32f4xx_hal_tim.o(.text.HAL_TIM_Base_Start_IT)
    HAL_TIM_IC_CaptureCallback               0x08001c59   Thumb Code     8  stm32f4xx_hal_tim.o(.text.HAL_TIM_IC_CaptureCallback)
    HAL_TIM_IRQHandler                       0x08001c61   Thumb Code   538  stm32f4xx_hal_tim.o(.text.HAL_TIM_IRQHandler)
    HAL_TIM_OC_DelayElapsedCallback          0x08001e7d   Thumb Code     8  stm32f4xx_hal_tim.o(.text.HAL_TIM_OC_DelayElapsedCallback)
    HAL_TIM_PWM_PulseFinishedCallback        0x08001e85   Thumb Code     8  stm32f4xx_hal_tim.o(.text.HAL_TIM_PWM_PulseFinishedCallback)
    HAL_TIM_PeriodElapsedCallback            0x08001e8d   Thumb Code    32  main.o(.text.HAL_TIM_PeriodElapsedCallback)
    HAL_TIM_TriggerCallback                  0x08001ead   Thumb Code     8  stm32f4xx_hal_tim.o(.text.HAL_TIM_TriggerCallback)
    HAL_UART_Init                            0x08001eb5   Thumb Code   158  stm32f4xx_hal_uart.o(.text.HAL_UART_Init)
    HAL_UART_MspInit                         0x08001f55   Thumb Code   270  usart.o(.text.HAL_UART_MspInit)
    HAL_UART_Transmit                        0x08002065   Thumb Code   304  stm32f4xx_hal_uart.o(.text.HAL_UART_Transmit)
    HardFault_Handler                        0x08002195   Thumb Code     4  stm32f4xx_it.o(.text.HardFault_Handler)
    MX_GPIO_Init                             0x08002199   Thumb Code   236  gpio.o(.text.MX_GPIO_Init)
    MX_ThreadX_Init                          0x08002285   Thumb Code     8  app_threadx.o(.text.MX_ThreadX_Init)
    MX_USART1_UART_Init                      0x0800228d   Thumb Code    64  usart.o(.text.MX_USART1_UART_Init)
    MX_USART3_UART_Init                      0x080022cd   Thumb Code    64  usart.o(.text.MX_USART3_UART_Init)
    MemManage_Handler                        0x08002335   Thumb Code     4  stm32f4xx_it.o(.text.MemManage_Handler)
    NMI_Handler                              0x08002339   Thumb Code     4  stm32f4xx_it.o(.text.NMI_Handler)
    SystemClock_Config                       0x080023a9   Thumb Code   186  main.o(.text.SystemClock_Config)
    SystemInit                               0x08002465   Thumb Code    18  system_stm32f4xx.o(.text.SystemInit)
    TIM1_UP_TIM10_IRQHandler                 0x08002479   Thumb Code    16  stm32f4xx_it.o(.text.TIM1_UP_TIM10_IRQHandler)
    TIM_Base_SetConfig                       0x08002489   Thumb Code   432  stm32f4xx_hal_tim.o(.text.TIM_Base_SetConfig)
    UsageFault_Handler                       0x080028e5   Thumb Code     4  stm32f4xx_it.o(.text.UsageFault_Handler)
    _tx_byte_allocate                        0x080029a9   Thumb Code   406  tx_byte_allocate.o(.text._tx_byte_allocate)
    _tx_byte_pool_cleanup                    0x08002b41   Thumb Code   268  tx_byte_pool_cleanup.o(.text._tx_byte_pool_cleanup)
    _tx_byte_pool_create                     0x08002c4d   Thumb Code   304  tx_byte_pool_create.o(.text._tx_byte_pool_create)
    _tx_byte_pool_search                     0x08002d7d   Thumb Code   572  tx_byte_pool_search.o(.text._tx_byte_pool_search)
    _tx_initialize_high_level                0x08002fb9   Thumb Code   134  tx_initialize_high_level.o(.text._tx_initialize_high_level)
    _tx_initialize_kernel_enter              0x08003041   Thumb Code   104  tx_initialize_kernel_enter.o(.text._tx_initialize_kernel_enter)
    _tx_thread_create                        0x080030a9   Thumb Code   538  tx_thread_create.o(.text._tx_thread_create)
    _tx_thread_initialize                    0x080032c5   Thumb Code   126  tx_thread_initialize.o(.text._tx_thread_initialize)
    _tx_thread_shell_entry                   0x08003345   Thumb Code   148  tx_thread_shell_entry.o(.text._tx_thread_shell_entry)
    _tx_thread_sleep                         0x080033d9   Thumb Code   260  tx_thread_sleep.o(.text._tx_thread_sleep)
    _tx_thread_system_preempt_check          0x080034dd   Thumb Code   112  tx_thread_system_preempt_check.o(.text._tx_thread_system_preempt_check)
    _tx_thread_system_resume                 0x0800354d   Thumb Code   584  tx_thread_system_resume.o(.text._tx_thread_system_resume)
    _tx_thread_system_suspend                0x08003795   Thumb Code   640  tx_thread_system_suspend.o(.text._tx_thread_system_suspend)
    _tx_thread_time_slice                    0x08003a15   Thumb Code   162  tx_thread_time_slice.o(.text._tx_thread_time_slice)
    _tx_thread_timeout                       0x08003ab9   Thumb Code   114  tx_thread_timeout.o(.text._tx_thread_timeout)
    _tx_timer_expiration_process             0x08003b2d   Thumb Code    60  tx_timer_expiration_process.o(.text._tx_timer_expiration_process)
    _tx_timer_initialize                     0x08003b69   Thumb Code   286  tx_timer_initialize.o(.text._tx_timer_initialize)
    _tx_timer_system_activate                0x08003c89   Thumb Code   212  tx_timer_system_activate.o(.text._tx_timer_system_activate)
    _tx_timer_system_deactivate              0x08003d5d   Thumb Code   112  tx_timer_system_deactivate.o(.text._tx_timer_system_deactivate)
    _tx_timer_thread_entry                   0x08003dcd   Thumb Code   536  tx_timer_thread_entry.o(.text._tx_timer_thread_entry)
    _txe_byte_allocate                       0x08003fe5   Thumb Code   282  txe_byte_allocate.o(.text._txe_byte_allocate)
    _txe_byte_pool_create                    0x08004101   Thumb Code   372  txe_byte_pool_create.o(.text._txe_byte_pool_create)
    _txe_thread_create                       0x08004275   Thumb Code   612  txe_thread_create.o(.text._txe_thread_create)
    fputc                                    0x080044d9   Thumb Code    34  usart.o(.text.fputc)
    main                                     0x080044fd   Thumb Code    36  main.o(.text.main)
    tx_application_define                    0x08004521   Thumb Code    78  app_azure_rtos.o(.text.tx_application_define)
    __0printf                                0x08004571   Thumb Code    22  printfa.o(i.__0printf)
    __1printf                                0x08004571   Thumb Code     0  printfa.o(i.__0printf)
    __2printf                                0x08004571   Thumb Code     0  printfa.o(i.__0printf)
    __c89printf                              0x08004571   Thumb Code     0  printfa.o(i.__0printf)
    printf                                   0x08004571   Thumb Code     0  printfa.o(i.__0printf)
    __scatterload_copy                       0x08004591   Thumb Code    14  handlers.o(i.__scatterload_copy)
    __scatterload_null                       0x0800459f   Thumb Code     2  handlers.o(i.__scatterload_null)
    __scatterload_zeroinit                   0x080045a1   Thumb Code    14  handlers.o(i.__scatterload_zeroinit)
    AHBPrescTable                            0x08004e62   Data          16  system_stm32f4xx.o(.rodata.AHBPrescTable)
    APBPrescTable                            0x08004e72   Data           8  system_stm32f4xx.o(.rodata.APBPrescTable)
    Region$$Table$$Base                      0x08004ec8   Number         0  anon$$obj.o(Region$$Table)
    Region$$Table$$Limit                     0x08004ee8   Number         0  anon$$obj.o(Region$$Table)
    __stdout                                 0x20000000   Data           4  stdout.o(.data)
    SystemCoreClock                          0x20000004   Data           4  system_stm32f4xx.o(.data.SystemCoreClock)
    _tx_thread_system_state                  0x20000008   Data           4  tx_thread_initialize.o(.data._tx_thread_system_state)
    uwTickFreq                               0x2000000c   Data           1  stm32f4xx_hal.o(.data.uwTickFreq)
    uwTickPrio                               0x20000010   Data           4  stm32f4xx_hal.o(.data.uwTickPrio)
    _tx_block_pool_created_count             0x20000018   Data           4  tx_initialize_high_level.o(.bss._tx_block_pool_created_count)
    _tx_block_pool_created_ptr               0x2000001c   Data           4  tx_initialize_high_level.o(.bss._tx_block_pool_created_ptr)
    _tx_build_options                        0x20000020   Data           4  tx_thread_initialize.o(.bss._tx_build_options)
    _tx_byte_pool_created_count              0x20000024   Data           4  tx_initialize_high_level.o(.bss._tx_byte_pool_created_count)
    _tx_byte_pool_created_ptr                0x20000028   Data           4  tx_initialize_high_level.o(.bss._tx_byte_pool_created_ptr)
    _tx_event_flags_created_count            0x2000002c   Data           4  tx_initialize_high_level.o(.bss._tx_event_flags_created_count)
    _tx_event_flags_created_ptr              0x20000030   Data           4  tx_initialize_high_level.o(.bss._tx_event_flags_created_ptr)
    _tx_initialize_unused_memory             0x20000034   Data           4  tx_initialize_high_level.o(.bss._tx_initialize_unused_memory)
    _tx_mutex_created_count                  0x20000038   Data           4  tx_initialize_high_level.o(.bss._tx_mutex_created_count)
    _tx_mutex_created_ptr                    0x2000003c   Data           4  tx_initialize_high_level.o(.bss._tx_mutex_created_ptr)
    _tx_queue_created_count                  0x20000040   Data           4  tx_initialize_high_level.o(.bss._tx_queue_created_count)
    _tx_queue_created_ptr                    0x20000044   Data           4  tx_initialize_high_level.o(.bss._tx_queue_created_ptr)
    _tx_semaphore_created_count              0x20000048   Data           4  tx_initialize_high_level.o(.bss._tx_semaphore_created_count)
    _tx_semaphore_created_ptr                0x2000004c   Data           4  tx_initialize_high_level.o(.bss._tx_semaphore_created_ptr)
    _tx_thread_created_count                 0x20000050   Data           4  tx_thread_initialize.o(.bss._tx_thread_created_count)
    _tx_thread_created_ptr                   0x20000054   Data           4  tx_thread_initialize.o(.bss._tx_thread_created_ptr)
    _tx_thread_current_ptr                   0x20000058   Data           4  tx_thread_initialize.o(.bss._tx_thread_current_ptr)
    _tx_thread_execute_ptr                   0x2000005c   Data           4  tx_thread_initialize.o(.bss._tx_thread_execute_ptr)
    _tx_thread_highest_priority              0x20000060   Data           4  tx_thread_initialize.o(.bss._tx_thread_highest_priority)
    _tx_thread_mutex_release                 0x20000064   Data           4  tx_thread_initialize.o(.bss._tx_thread_mutex_release)
    _tx_thread_preempt_disable               0x20000068   Data           4  tx_thread_initialize.o(.bss._tx_thread_preempt_disable)
    _tx_thread_priority_list                 0x2000006c   Data         128  tx_thread_initialize.o(.bss._tx_thread_priority_list)
    _tx_thread_priority_maps                 0x200000ec   Data           4  tx_thread_initialize.o(.bss._tx_thread_priority_maps)
    _tx_thread_system_stack_ptr              0x200000f0   Data           4  tx_thread_initialize.o(.bss._tx_thread_system_stack_ptr)
    _tx_timer_created_count                  0x200000f4   Data           4  tx_timer_initialize.o(.bss._tx_timer_created_count)
    _tx_timer_created_ptr                    0x200000f8   Data           4  tx_timer_initialize.o(.bss._tx_timer_created_ptr)
    _tx_timer_current_ptr                    0x200000fc   Data           4  tx_timer_initialize.o(.bss._tx_timer_current_ptr)
    _tx_timer_expired                        0x20000100   Data           4  tx_timer_initialize.o(.bss._tx_timer_expired)
    _tx_timer_expired_time_slice             0x20000104   Data           4  tx_timer_initialize.o(.bss._tx_timer_expired_time_slice)
    _tx_timer_expired_timer_ptr              0x20000108   Data           4  tx_timer_initialize.o(.bss._tx_timer_expired_timer_ptr)
    _tx_timer_list                           0x2000010c   Data         128  tx_timer_initialize.o(.bss._tx_timer_list)
    _tx_timer_list_end                       0x2000018c   Data           4  tx_timer_initialize.o(.bss._tx_timer_list_end)
    _tx_timer_list_start                     0x20000190   Data           4  tx_timer_initialize.o(.bss._tx_timer_list_start)
    _tx_timer_priority                       0x20000194   Data           4  tx_timer_initialize.o(.bss._tx_timer_priority)
    _tx_timer_stack_size                     0x20000198   Data           4  tx_timer_initialize.o(.bss._tx_timer_stack_size)
    _tx_timer_stack_start                    0x2000019c   Data           4  tx_timer_initialize.o(.bss._tx_timer_stack_start)
    _tx_timer_system_clock                   0x200001a0   Data           4  tx_timer_initialize.o(.bss._tx_timer_system_clock)
    _tx_timer_thread                         0x200001a4   Data         176  tx_timer_initialize.o(.bss._tx_timer_thread)
    _tx_timer_thread_stack_area              0x20000254   Data        1024  tx_timer_initialize.o(.bss._tx_timer_thread_stack_area)
    _tx_timer_time_slice                     0x20000654   Data           4  tx_timer_initialize.o(.bss._tx_timer_time_slice)
    htim1                                    0x20000658   Data          72  stm32f4xx_hal_timebase_tim.o(.bss.htim1)
    huart1                                   0x200006a0   Data          72  usart.o(.bss.huart1)
    huart3                                   0x200006e8   Data          72  usart.o(.bss.huart3)
    uwTick                                   0x20003014   Data           4  stm32f4xx_hal.o(.bss.uwTick)
    Image$$RW_IRAM1$$ZI$$Limit               0x20003418   Number         0  anon$$obj.o ABSOLUTE
    __initial_sp                             0x20003418   Data           0  startup_stm32f407xx.o(STACK)



==============================================================================

Memory Map of the image

  Image Entry point : 0x08000189

  Load Region LR_IROM1 (Base: 0x08000000, Size: 0x00004f00, Max: 0x00100000, ABSOLUTE)

    Execution Region ER_IROM1 (Exec base: 0x08000000, Load base: 0x08000000, Size: 0x00004ee8, Max: 0x00100000, ABSOLUTE)

    Exec Addr    Load Addr    Size         Type   Attr      Idx    E Section Name        Object

    0x08000000   0x08000000   0x00000188   Data   RO            3    RESET               startup_stm32f407xx.o
    0x08000188   0x08000188   0x00000000   Code   RO         3213  * .ARM.Collect$$$$00000000  mc_w.l(entry.o)
    0x08000188   0x08000188   0x00000004   Code   RO         3248    .ARM.Collect$$$$00000001  mc_w.l(entry2.o)
    0x0800018c   0x0800018c   0x00000004   Code   RO         3251    .ARM.Collect$$$$00000004  mc_w.l(entry5.o)
    0x08000190   0x08000190   0x00000000   Code   RO         3253    .ARM.Collect$$$$00000008  mc_w.l(entry7b.o)
    0x08000190   0x08000190   0x00000000   Code   RO         3255    .ARM.Collect$$$$0000000A  mc_w.l(entry8b.o)
    0x08000190   0x08000190   0x00000008   Code   RO         3256    .ARM.Collect$$$$0000000B  mc_w.l(entry9a.o)
    0x08000198   0x08000198   0x00000000   Code   RO         3258    .ARM.Collect$$$$0000000D  mc_w.l(entry10a.o)
    0x08000198   0x08000198   0x00000000   Code   RO         3260    .ARM.Collect$$$$0000000F  mc_w.l(entry11a.o)
    0x08000198   0x08000198   0x00000004   Code   RO         3249    .ARM.Collect$$$$00002712  mc_w.l(entry2.o)
    0x0800019c   0x0800019c   0x00000024   Code   RO            4    .text               startup_stm32f407xx.o
    0x080001c0   0x080001c0   0x000000a6   Code   RO           26    .text               tx_initialize_low_level.o
    0x08000266   0x08000266   0x0000000a   PAD
    0x08000270   0x08000270   0x000000c4   Code   RO         1057    .text               tx_thread_schedule.o
    0x08000334   0x08000334   0x0000000c   PAD
    0x08000340   0x08000340   0x00000040   Code   RO         1062    .text               tx_thread_stack_build.o
    0x08000380   0x08000380   0x000000c8   Code   RO         1072    .text               tx_timer_interrupt.o
    0x08000448   0x08000448   0x00000062   Code   RO         3216    .text               mc_w.l(uldiv.o)
    0x080004aa   0x080004aa   0x00000024   Code   RO         3218    .text               mc_w.l(memseta.o)
    0x080004ce   0x080004ce   0x0000002c   Code   RO         3272    .text               mc_w.l(uidiv.o)
    0x080004fa   0x080004fa   0x0000001e   Code   RO         3274    .text               mc_w.l(llshl.o)
    0x08000518   0x08000518   0x00000020   Code   RO         3276    .text               mc_w.l(llushr.o)
    0x08000538   0x08000538   0x00000000   Code   RO         3278    .text               mc_w.l(iusefp.o)
    0x08000538   0x08000538   0x0000014e   Code   RO         3279    .text               mf_w.l(dadd.o)
    0x08000686   0x08000686   0x000000e4   Code   RO         3281    .text               mf_w.l(dmul.o)
    0x0800076a   0x0800076a   0x000000de   Code   RO         3283    .text               mf_w.l(ddiv.o)
    0x08000848   0x08000848   0x00000030   Code   RO         3285    .text               mf_w.l(dfixul.o)
    0x08000878   0x08000878   0x00000030   Code   RO         3287    .text               mf_w.l(cdrcmple.o)
    0x080008a8   0x080008a8   0x00000024   Code   RO         3289    .text               mc_w.l(init.o)
    0x080008cc   0x080008cc   0x00000024   Code   RO         3291    .text               mc_w.l(llsshr.o)
    0x080008f0   0x080008f0   0x000000ba   Code   RO         3293    .text               mf_w.l(depilogue.o)
    0x080009aa   0x080009aa   0x00000002   PAD
    0x080009ac   0x080009ac   0x00000074   Code   RO           40    .text.App_ThreadX_Init  app_threadx.o
    0x08000a20   0x08000a20   0x00000004   Code   RO           80    .text.BusFault_Handler  stm32f4xx_it.o
    0x08000a24   0x08000a24   0x00000002   Code   RO           84    .text.DebugMon_Handler  stm32f4xx_it.o
    0x08000a26   0x08000a26   0x00000002   PAD
    0x08000a28   0x08000a28   0x00000006   Code   RO           15    .text.Error_Handler  main.o
    0x08000a2e   0x08000a2e   0x00000002   PAD
    0x08000a30   0x08000a30   0x000003b6   Code   RO          264    .text.HAL_GPIO_Init  stm32f4xx_hal_gpio.o
    0x08000de6   0x08000de6   0x00000002   PAD
    0x08000de8   0x08000de8   0x0000002e   Code   RO          270    .text.HAL_GPIO_WritePin  stm32f4xx_hal_gpio.o
    0x08000e16   0x08000e16   0x00000002   PAD
    0x08000e18   0x08000e18   0x0000000c   Code   RO          485    .text.HAL_GetTick   stm32f4xx_hal.o
    0x08000e24   0x08000e24   0x0000001a   Code   RO          483    .text.HAL_IncTick   stm32f4xx_hal.o
    0x08000e3e   0x08000e3e   0x00000002   PAD
    0x08000e40   0x08000e40   0x00000036   Code   RO          473    .text.HAL_Init      stm32f4xx_hal.o
    0x08000e76   0x08000e76   0x00000002   PAD
    0x08000e78   0x08000e78   0x000000da   Code   RO          103    .text.HAL_InitTick  stm32f4xx_hal_timebase_tim.o
    0x08000f52   0x08000f52   0x00000002   PAD
    0x08000f54   0x08000f54   0x0000004a   Code   RO           95    .text.HAL_MspInit   stm32f4xx_hal_msp.o
    0x08000f9e   0x08000f9e   0x00000002   PAD
    0x08000fa0   0x08000fa0   0x00000014   Code   RO          412    .text.HAL_NVIC_EnableIRQ  stm32f4xx_hal_cortex.o
    0x08000fb4   0x08000fb4   0x00000032   Code   RO          404    .text.HAL_NVIC_SetPriority  stm32f4xx_hal_cortex.o
    0x08000fe6   0x08000fe6   0x00000002   PAD
    0x08000fe8   0x08000fe8   0x00000010   Code   RO          400    .text.HAL_NVIC_SetPriorityGrouping  stm32f4xx_hal_cortex.o
    0x08000ff8   0x08000ff8   0x00000262   Code   RO          132    .text.HAL_RCC_ClockConfig  stm32f4xx_hal_rcc.o
    0x0800125a   0x0800125a   0x00000002   PAD
    0x0800125c   0x0800125c   0x00000054   Code   RO          150    .text.HAL_RCC_GetClockConfig  stm32f4xx_hal_rcc.o
    0x080012b0   0x080012b0   0x0000000c   Code   RO          142    .text.HAL_RCC_GetHCLKFreq  stm32f4xx_hal_rcc.o
    0x080012bc   0x080012bc   0x00000022   Code   RO          144    .text.HAL_RCC_GetPCLK1Freq  stm32f4xx_hal_rcc.o
    0x080012de   0x080012de   0x00000002   PAD
    0x080012e0   0x080012e0   0x00000022   Code   RO          146    .text.HAL_RCC_GetPCLK2Freq  stm32f4xx_hal_rcc.o
    0x08001302   0x08001302   0x00000002   PAD
    0x08001304   0x08001304   0x000000e6   Code   RO          134    .text.HAL_RCC_GetSysClockFreq  stm32f4xx_hal_rcc.o
    0x080013ea   0x080013ea   0x00000002   PAD
    0x080013ec   0x080013ec   0x000006be   Code   RO          130    .text.HAL_RCC_OscConfig  stm32f4xx_hal_rcc.o
    0x08001aaa   0x08001aaa   0x00000002   PAD
    0x08001aac   0x08001aac   0x00000008   Code   RO          885    .text.HAL_TIMEx_BreakCallback  stm32f4xx_hal_tim_ex.o
    0x08001ab4   0x08001ab4   0x00000008   Code   RO          881    .text.HAL_TIMEx_CommutCallback  stm32f4xx_hal_tim_ex.o
    0x08001abc   0x08001abc   0x0000009c   Code   RO          562    .text.HAL_TIM_Base_Init  stm32f4xx_hal_tim.o
    0x08001b58   0x08001b58   0x00000008   Code   RO          564    .text.HAL_TIM_Base_MspInit  stm32f4xx_hal_tim.o
    0x08001b60   0x08001b60   0x000000f6   Code   RO          576    .text.HAL_TIM_Base_Start_IT  stm32f4xx_hal_tim.o
    0x08001c56   0x08001c56   0x00000002   PAD
    0x08001c58   0x08001c58   0x00000008   Code   RO          698    .text.HAL_TIM_IC_CaptureCallback  stm32f4xx_hal_tim.o
    0x08001c60   0x08001c60   0x0000021a   Code   RO          696    .text.HAL_TIM_IRQHandler  stm32f4xx_hal_tim.o
    0x08001e7a   0x08001e7a   0x00000002   PAD
    0x08001e7c   0x08001e7c   0x00000008   Code   RO          700    .text.HAL_TIM_OC_DelayElapsedCallback  stm32f4xx_hal_tim.o
    0x08001e84   0x08001e84   0x00000008   Code   RO          702    .text.HAL_TIM_PWM_PulseFinishedCallback  stm32f4xx_hal_tim.o
    0x08001e8c   0x08001e8c   0x00000020   Code   RO           17    .text.HAL_TIM_PeriodElapsedCallback  main.o
    0x08001eac   0x08001eac   0x00000008   Code   RO          706    .text.HAL_TIM_TriggerCallback  stm32f4xx_hal_tim.o
    0x08001eb4   0x08001eb4   0x0000009e   Code   RO          898    .text.HAL_UART_Init  stm32f4xx_hal_uart.o
    0x08001f52   0x08001f52   0x00000002   PAD
    0x08001f54   0x08001f54   0x0000010e   Code   RO           59    .text.HAL_UART_MspInit  usart.o
    0x08002062   0x08002062   0x00000002   PAD
    0x08002064   0x08002064   0x00000130   Code   RO          914    .text.HAL_UART_Transmit  stm32f4xx_hal_uart.o
    0x08002194   0x08002194   0x00000004   Code   RO           76    .text.HardFault_Handler  stm32f4xx_it.o
    0x08002198   0x08002198   0x000000ec   Code   RO           32    .text.MX_GPIO_Init  gpio.o
    0x08002284   0x08002284   0x00000008   Code   RO           44    .text.MX_ThreadX_Init  app_threadx.o
    0x0800228c   0x0800228c   0x00000040   Code   RO           55    .text.MX_USART1_UART_Init  usart.o
    0x080022cc   0x080022cc   0x00000040   Code   RO           57    .text.MX_USART3_UART_Init  usart.o
    0x0800230c   0x0800230c   0x00000028   Code   RO           42    .text.Main_Thread_Entry  app_threadx.o
    0x08002334   0x08002334   0x00000004   Code   RO           78    .text.MemManage_Handler  stm32f4xx_it.o
    0x08002338   0x08002338   0x00000004   Code   RO           74    .text.NMI_Handler   stm32f4xx_it.o
    0x0800233c   0x0800233c   0x0000006c   Code   RO          410    .text.NVIC_EncodePriority  stm32f4xx_hal_cortex.o
    0x080023a8   0x080023a8   0x000000ba   Code   RO           13    .text.SystemClock_Config  main.o
    0x08002462   0x08002462   0x00000002   PAD
    0x08002464   0x08002464   0x00000012   Code   RO         1029    .text.SystemInit    system_stm32f4xx.o
    0x08002476   0x08002476   0x00000002   PAD
    0x08002478   0x08002478   0x00000010   Code   RO           86    .text.TIM1_UP_TIM10_IRQHandler  stm32f4xx_it.o
    0x08002488   0x08002488   0x000001b0   Code   RO          566    .text.TIM_Base_SetConfig  stm32f4xx_hal_tim.o
    0x08002638   0x08002638   0x00000094   Code   RO          946    .text.UART_EndRxTransfer  stm32f4xx_hal_uart.o
    0x080026cc   0x080026cc   0x0000013a   Code   RO          902    .text.UART_SetConfig  stm32f4xx_hal_uart.o
    0x08002806   0x08002806   0x00000002   PAD
    0x08002808   0x08002808   0x000000da   Code   RO          916    .text.UART_WaitOnFlagUntilTimeout  stm32f4xx_hal_uart.o
    0x080028e2   0x080028e2   0x00000002   PAD
    0x080028e4   0x080028e4   0x00000004   Code   RO           82    .text.UsageFault_Handler  stm32f4xx_it.o
    0x080028e8   0x080028e8   0x00000030   Code   RO          414    .text.__NVIC_EnableIRQ  stm32f4xx_hal_cortex.o
    0x08002918   0x08002918   0x00000010   Code   RO          406    .text.__NVIC_GetPriorityGrouping  stm32f4xx_hal_cortex.o
    0x08002928   0x08002928   0x00000042   Code   RO          408    .text.__NVIC_SetPriority  stm32f4xx_hal_cortex.o
    0x0800296a   0x0800296a   0x00000002   PAD
    0x0800296c   0x0800296c   0x0000003c   Code   RO          402    .text.__NVIC_SetPriorityGrouping  stm32f4xx_hal_cortex.o
    0x080029a8   0x080029a8   0x00000196   Code   RO         1244    .text._tx_byte_allocate  tx_byte_allocate.o
    0x08002b3e   0x08002b3e   0x00000002   PAD
    0x08002b40   0x08002b40   0x0000010c   Code   RO         1261    .text._tx_byte_pool_cleanup  tx_byte_pool_cleanup.o
    0x08002c4c   0x08002c4c   0x00000130   Code   RO         1278    .text._tx_byte_pool_create  tx_byte_pool_create.o
    0x08002d7c   0x08002d7c   0x0000023c   Code   RO         1329    .text._tx_byte_pool_search  tx_byte_pool_search.o
    0x08002fb8   0x08002fb8   0x00000086   Code   RO         1078    .text._tx_initialize_high_level  tx_initialize_high_level.o
    0x0800303e   0x0800303e   0x00000002   PAD
    0x08003040   0x08003040   0x00000068   Code   RO         1108    .text._tx_initialize_kernel_enter  tx_initialize_kernel_enter.o
    0x080030a8   0x080030a8   0x0000021a   Code   RO         1857    .text._tx_thread_create  tx_thread_create.o
    0x080032c2   0x080032c2   0x00000002   PAD
    0x080032c4   0x080032c4   0x0000007e   Code   RO         1942    .text._tx_thread_initialize  tx_thread_initialize.o
    0x08003342   0x08003342   0x00000002   PAD
    0x08003344   0x08003344   0x00000094   Code   RO         2049    .text._tx_thread_shell_entry  tx_thread_shell_entry.o
    0x080033d8   0x080033d8   0x00000104   Code   RO         2066    .text._tx_thread_sleep  tx_thread_sleep.o
    0x080034dc   0x080034dc   0x00000070   Code   RO         2135    .text._tx_thread_system_preempt_check  tx_thread_system_preempt_check.o
    0x0800354c   0x0800354c   0x00000248   Code   RO         2143    .text._tx_thread_system_resume  tx_thread_system_resume.o
    0x08003794   0x08003794   0x00000280   Code   RO         2151    .text._tx_thread_system_suspend  tx_thread_system_suspend.o
    0x08003a14   0x08003a14   0x000000a2   Code   RO         2176    .text._tx_thread_time_slice  tx_thread_time_slice.o
    0x08003ab6   0x08003ab6   0x00000002   PAD
    0x08003ab8   0x08003ab8   0x00000072   Code   RO         2210    .text._tx_thread_timeout  tx_thread_timeout.o
    0x08003b2a   0x08003b2a   0x00000002   PAD
    0x08003b2c   0x08003b2c   0x0000003c   Code   RO         3047    .text._tx_timer_expiration_process  tx_timer_expiration_process.o
    0x08003b68   0x08003b68   0x0000011e   Code   RO         3072    .text._tx_timer_initialize  tx_timer_initialize.o
    0x08003c86   0x08003c86   0x00000002   PAD
    0x08003c88   0x08003c88   0x000000d4   Code   RO         3106    .text._tx_timer_system_activate  tx_timer_system_activate.o
    0x08003d5c   0x08003d5c   0x00000070   Code   RO         3114    .text._tx_timer_system_deactivate  tx_timer_system_deactivate.o
    0x08003dcc   0x08003dcc   0x00000218   Code   RO         3122    .text._tx_timer_thread_entry  tx_timer_thread_entry.o
    0x08003fe4   0x08003fe4   0x0000011a   Code   RO         2335    .text._txe_byte_allocate  txe_byte_allocate.o
    0x080040fe   0x080040fe   0x00000002   PAD
    0x08004100   0x08004100   0x00000174   Code   RO         2352    .text._txe_byte_pool_create  txe_byte_pool_create.o
    0x08004274   0x08004274   0x00000264   Code   RO         2786    .text._txe_thread_create  txe_thread_create.o
    0x080044d8   0x080044d8   0x00000022   Code   RO           63    .text.fputc         usart.o
    0x080044fa   0x080044fa   0x00000002   PAD
    0x080044fc   0x080044fc   0x00000024   Code   RO           11    .text.main          main.o
    0x08004520   0x08004520   0x0000004e   Code   RO          117    .text.tx_application_define  app_azure_rtos.o
    0x0800456e   0x0800456e   0x00000002   PAD
    0x08004570   0x08004570   0x00000020   Code   RO         3221    i.__0printf         mc_w.l(printfa.o)
    0x08004590   0x08004590   0x0000000e   Code   RO         3297    i.__scatterload_copy  mc_w.l(handlers.o)
    0x0800459e   0x0800459e   0x00000002   Code   RO         3298    i.__scatterload_null  mc_w.l(handlers.o)
    0x080045a0   0x080045a0   0x0000000e   Code   RO         3299    i.__scatterload_zeroinit  mc_w.l(handlers.o)
    0x080045ae   0x080045ae   0x00000002   PAD
    0x080045b0   0x080045b0   0x00000184   Code   RO         3228    i._fp_digits        mc_w.l(printfa.o)
    0x08004734   0x08004734   0x000006dc   Code   RO         3229    i._printf_core      mc_w.l(printfa.o)
    0x08004e10   0x08004e10   0x00000024   Code   RO         3230    i._printf_post_padding  mc_w.l(printfa.o)
    0x08004e34   0x08004e34   0x0000002e   Code   RO         3231    i._printf_pre_padding  mc_w.l(printfa.o)
    0x08004e62   0x08004e62   0x00000010   Data   RO         1034    .rodata.AHBPrescTable  system_stm32f4xx.o
    0x08004e72   0x08004e72   0x00000008   Data   RO         1035    .rodata.APBPrescTable  system_stm32f4xx.o
    0x08004e7a   0x08004e7a   0x00000027   Data   RO           47    .rodata.str1.1      app_threadx.o
    0x08004ea1   0x08004ea1   0x00000013   Data   RO          120    .rodata.str1.1      app_azure_rtos.o
    0x08004eb4   0x08004eb4   0x00000014   Data   RO         3096    .rodata.str1.1      tx_timer_initialize.o
    0x08004ec8   0x08004ec8   0x00000020   Data   RO         3296    Region$$Table       anon$$obj.o


    Execution Region RW_IRAM1 (Exec base: 0x20000000, Load base: 0x08004ee8, Size: 0x00003418, Max: 0x0001c000, ABSOLUTE)

    Exec Addr    Load Addr    Size         Type   Attr      Idx    E Section Name        Object

    0x20000000   0x08004ee8   0x00000004   Data   RW         3262    .data               mc_w.l(stdout.o)
    0x20000004   0x08004eec   0x00000004   Data   RW         1033    .data.SystemCoreClock  system_stm32f4xx.o
    0x20000008   0x08004ef0   0x00000004   Data   RW         1953    .data._tx_thread_system_state  tx_thread_initialize.o
    0x2000000c   0x08004ef4   0x00000001   Data   RW          528    .data.uwTickFreq    stm32f4xx_hal.o
    0x2000000d   0x08004ef5   0x00000003   PAD
    0x20000010   0x08004ef8   0x00000004   Data   RW          527    .data.uwTickPrio    stm32f4xx_hal.o
    0x20000014   0x08004efc   0x00000004   PAD
    0x20000018        -       0x00000004   Zero   RW         1095    .bss._tx_block_pool_created_count  tx_initialize_high_level.o
    0x2000001c        -       0x00000004   Zero   RW         1094    .bss._tx_block_pool_created_ptr  tx_initialize_high_level.o
    0x20000020        -       0x00000004   Zero   RW         1964    .bss._tx_build_options  tx_thread_initialize.o
    0x20000024        -       0x00000004   Zero   RW         1097    .bss._tx_byte_pool_created_count  tx_initialize_high_level.o
    0x20000028        -       0x00000004   Zero   RW         1096    .bss._tx_byte_pool_created_ptr  tx_initialize_high_level.o
    0x2000002c        -       0x00000004   Zero   RW         1093    .bss._tx_event_flags_created_count  tx_initialize_high_level.o
    0x20000030        -       0x00000004   Zero   RW         1092    .bss._tx_event_flags_created_ptr  tx_initialize_high_level.o
    0x20000034        -       0x00000004   Zero   RW         1100    .bss._tx_initialize_unused_memory  tx_initialize_high_level.o
    0x20000038        -       0x00000004   Zero   RW         1099    .bss._tx_mutex_created_count  tx_initialize_high_level.o
    0x2000003c        -       0x00000004   Zero   RW         1098    .bss._tx_mutex_created_ptr  tx_initialize_high_level.o
    0x20000040        -       0x00000004   Zero   RW         1091    .bss._tx_queue_created_count  tx_initialize_high_level.o
    0x20000044        -       0x00000004   Zero   RW         1090    .bss._tx_queue_created_ptr  tx_initialize_high_level.o
    0x20000048        -       0x00000004   Zero   RW         1089    .bss._tx_semaphore_created_count  tx_initialize_high_level.o
    0x2000004c        -       0x00000004   Zero   RW         1088    .bss._tx_semaphore_created_ptr  tx_initialize_high_level.o
    0x20000050        -       0x00000004   Zero   RW         1961    .bss._tx_thread_created_count  tx_thread_initialize.o
    0x20000054        -       0x00000004   Zero   RW         1960    .bss._tx_thread_created_ptr  tx_thread_initialize.o
    0x20000058        -       0x00000004   Zero   RW         1955    .bss._tx_thread_current_ptr  tx_thread_initialize.o
    0x2000005c        -       0x00000004   Zero   RW         1956    .bss._tx_thread_execute_ptr  tx_thread_initialize.o
    0x20000060        -       0x00000004   Zero   RW         1958    .bss._tx_thread_highest_priority  tx_thread_initialize.o
    0x20000064        -       0x00000004   Zero   RW         1963    .bss._tx_thread_mutex_release  tx_thread_initialize.o
    0x20000068        -       0x00000004   Zero   RW         1962    .bss._tx_thread_preempt_disable  tx_thread_initialize.o
    0x2000006c        -       0x00000080   Zero   RW         1959    .bss._tx_thread_priority_list  tx_thread_initialize.o
    0x200000ec        -       0x00000004   Zero   RW         1957    .bss._tx_thread_priority_maps  tx_thread_initialize.o
    0x200000f0        -       0x00000004   Zero   RW         1965    .bss._tx_thread_system_stack_ptr  tx_thread_initialize.o
    0x200000f4        -       0x00000004   Zero   RW         3098    .bss._tx_timer_created_count  tx_timer_initialize.o
    0x200000f8        -       0x00000004   Zero   RW         3097    .bss._tx_timer_created_ptr  tx_timer_initialize.o
    0x200000fc        -       0x00000004   Zero   RW         3089    .bss._tx_timer_current_ptr  tx_timer_initialize.o
    0x20000100        -       0x00000004   Zero   RW         3085    .bss._tx_timer_expired  tx_timer_initialize.o
    0x20000104        -       0x00000004   Zero   RW         3084    .bss._tx_timer_expired_time_slice  tx_timer_initialize.o
    0x20000108        -       0x00000004   Zero   RW         3086    .bss._tx_timer_expired_timer_ptr  tx_timer_initialize.o
    0x2000010c        -       0x00000080   Zero   RW         3087    .bss._tx_timer_list  tx_timer_initialize.o
    0x2000018c        -       0x00000004   Zero   RW         3090    .bss._tx_timer_list_end  tx_timer_initialize.o
    0x20000190        -       0x00000004   Zero   RW         3088    .bss._tx_timer_list_start  tx_timer_initialize.o
    0x20000194        -       0x00000004   Zero   RW         3094    .bss._tx_timer_priority  tx_timer_initialize.o
    0x20000198        -       0x00000004   Zero   RW         3093    .bss._tx_timer_stack_size  tx_timer_initialize.o
    0x2000019c        -       0x00000004   Zero   RW         3092    .bss._tx_timer_stack_start  tx_timer_initialize.o
    0x200001a0        -       0x00000004   Zero   RW         3082    .bss._tx_timer_system_clock  tx_timer_initialize.o
    0x200001a4        -       0x000000b0   Zero   RW         3095    .bss._tx_timer_thread  tx_timer_initialize.o
    0x20000254        -       0x00000400   Zero   RW         3091    .bss._tx_timer_thread_stack_area  tx_timer_initialize.o
    0x20000654        -       0x00000004   Zero   RW         3083    .bss._tx_timer_time_slice  tx_timer_initialize.o
    0x20000658        -       0x00000048   Zero   RW          109    .bss.htim1          stm32f4xx_hal_timebase_tim.o
    0x200006a0        -       0x00000048   Zero   RW           65    .bss.huart1         usart.o
    0x200006e8        -       0x00000048   Zero   RW           66    .bss.huart3         usart.o
    0x20000730        -       0x00000034   Zero   RW          119    .bss.tx_app_byte_pool  app_azure_rtos.o
    0x20000764        -       0x00002800   Zero   RW          121    .bss.tx_byte_pool_buffer  app_azure_rtos.o
    0x20002f64        -       0x000000b0   Zero   RW           46    .bss.tx_main_thread  app_threadx.o
    0x20003014        -       0x00000004   Zero   RW          529    .bss.uwTick         stm32f4xx_hal.o
    0x20003018        -       0x00000400   Zero   RW            1    STACK               startup_stm32f407xx.o


    Execution Region RW_IRAM2 (Exec base: 0x2001c000, Load base: 0x08004f00, Size: 0x00000000, Max: 0x00004000, ABSOLUTE)

    **** No section assigned to this execution region ****


==============================================================================

Image component sizes


      Code (inc. data)   RO Data    RW Data    ZI Data      Debug   Object Name

        78          0         19          0      10292       3959   app_azure_rtos.o
       164          0         39          0        176       4171   app_threadx.o
       236          0          0          0          0       2205   gpio.o
       260          0          0          0          0       5737   main.o
        36          8        392          0       1024        864   startup_stm32f407xx.o
        92          0          0          5          4       7148   stm32f4xx_hal.o
       384          0          0          0          0       9561   stm32f4xx_hal_cortex.o
       996          0          0          0          0       5133   stm32f4xx_hal_gpio.o
        74          0          0          0          0       1515   stm32f4xx_hal_msp.o
      2730          0          0          0          0       7615   stm32f4xx_hal_rcc.o
      1412          0          0          0          0      35881   stm32f4xx_hal_tim.o
        16          0          0          0          0      15296   stm32f4xx_hal_tim_ex.o
       218          0          0          0         72       7082   stm32f4xx_hal_timebase_tim.o
      1142          0          0          0          0      20270   stm32f4xx_hal_uart.o
        38          0          0          0          0        907   stm32f4xx_it.o
        18          0         24          4          0       2561   system_stm32f4xx.o
       406          0          0          0          0       5605   tx_byte_allocate.o
       268          0          0          0          0       5174   tx_byte_pool_cleanup.o
       304          0          0          0          0       4798   tx_byte_pool_create.o
       572          0          0          0          0       5892   tx_byte_pool_search.o
       134          0          0          0         52       6869   tx_initialize_high_level.o
       104          0          0          0          0       1261   tx_initialize_kernel_enter.o
       166         32          0          0          0        692   tx_initialize_low_level.o
       538          0          0          0          0       5157   tx_thread_create.o
       126          0          0          4        168       4535   tx_thread_initialize.o
       196         20          0          0          0        875   tx_thread_schedule.o
       148          0          0          0          0       4399   tx_thread_shell_entry.o
       260          0          0          0          0       4528   tx_thread_sleep.o
        64          0          0          0          0        497   tx_thread_stack_build.o
       112          0          0          0          0       3926   tx_thread_system_preempt_check.o
       584          0          0          0          0       4890   tx_thread_system_resume.o
       640          0          0          0          0       5101   tx_thread_system_suspend.o
       162          0          0          0          0       4195   tx_thread_time_slice.o
       114          0          0          0          0       4323   tx_thread_timeout.o
        60          0          0          0          0       1587   tx_timer_expiration_process.o
       286          0         20          0       1380       4825   tx_timer_initialize.o
       200         60          0          0          0        850   tx_timer_interrupt.o
       212          0          0          0          0       1604   tx_timer_system_activate.o
       112          0          0          0          0       1455   tx_timer_system_deactivate.o
       536          0          0          0          0       5216   tx_timer_thread_entry.o
       282          0          0          0          0       4943   txe_byte_allocate.o
       372          0          0          0          0       5336   txe_byte_pool_create.o
       612          0          0          0          0       5319   txe_thread_create.o
       432          0          0          0        144       5568   usart.o

    ----------------------------------------------------------------------
     15984        132        526         16      13316     239325   Object Totals
         0          0         32          0          0          0   (incl. Generated)
        88         12          0          3          4          0   (incl. Padding)

    ----------------------------------------------------------------------

      Code (inc. data)   RO Data    RW Data    ZI Data      Debug   Library Member Name

         0          0          0          0          0          0   entry.o
         0          0          0          0          0          0   entry10a.o
         0          0          0          0          0          0   entry11a.o
         8          4          0          0          0          0   entry2.o
         4          0          0          0          0          0   entry5.o
         0          0          0          0          0          0   entry7b.o
         0          0          0          0          0          0   entry8b.o
         8          4          0          0          0          0   entry9a.o
        30          0          0          0          0          0   handlers.o
        36          8          0          0          0         68   init.o
         0          0          0          0          0          0   iusefp.o
        30          0          0          0          0         68   llshl.o
        36          0          0          0          0         68   llsshr.o
        32          0          0          0          0         68   llushr.o
        36          0          0          0          0        108   memseta.o
      2258         90          0          0          0        452   printfa.o
         0          0          0          4          0          0   stdout.o
        44          0          0          0          0         80   uidiv.o
        98          0          0          0          0         92   uldiv.o
        48          0          0          0          0         68   cdrcmple.o
       334          0          0          0          0        148   dadd.o
       222          0          0          0          0        100   ddiv.o
       186          0          0          0          0        176   depilogue.o
        48          0          0          0          0         68   dfixul.o
       228          0          0          0          0         96   dmul.o

    ----------------------------------------------------------------------
      3690        106          0          4          0       1660   Library Totals
         4          0          0          0          0          0   (incl. Padding)

    ----------------------------------------------------------------------

      Code (inc. data)   RO Data    RW Data    ZI Data      Debug   Library Name

      2620        106          0          4          0       1004   mc_w.l
      1066          0          0          0          0        656   mf_w.l

    ----------------------------------------------------------------------
      3690        106          0          4          0       1660   Library Totals

    ----------------------------------------------------------------------

==============================================================================


      Code (inc. data)   RO Data    RW Data    ZI Data      Debug   

     19674        238        526         20      13316     239597   Grand Totals
     19674        238        526         20      13316     239597   ELF Image Totals
     19674        238        526         20          0          0   ROM Totals

==============================================================================

    Total RO  Size (Code + RO Data)                20200 (  19.73kB)
    Total RW  Size (RW Data + ZI Data)             13336 (  13.02kB)
    Total ROM Size (Code + RO Data + RW Data)      20220 (  19.75kB)

==============================================================================

